Archive member included to satisfy reference by file (symbol)

d:/documents for work/st/stm32cubeide_1.7.0/stm32cubeide/plugins/com.st.stm32cube.ide.mcu.externaltools.gnu-tools-for-stm32.9-2020-q2-update.win32_2.0.0.202105311346/tools/bin/../lib/gcc/arm-none-eabi/9.3.1/../../../../arm-none-eabi/lib/thumb/v7-m/nofp\libc_nano.a(lib_a-errno.o)
                              ./Core/Src/syscalls.o (__errno)
d:/documents for work/st/stm32cubeide_1.7.0/stm32cubeide/plugins/com.st.stm32cube.ide.mcu.externaltools.gnu-tools-for-stm32.9-2020-q2-update.win32_2.0.0.202105311346/tools/bin/../lib/gcc/arm-none-eabi/9.3.1/../../../../arm-none-eabi/lib/thumb/v7-m/nofp\libc_nano.a(lib_a-exit.o)
                              d:/documents for work/st/stm32cubeide_1.7.0/stm32cubeide/plugins/com.st.stm32cube.ide.mcu.externaltools.gnu-tools-for-stm32.9-2020-q2-update.win32_2.0.0.202105311346/tools/bin/../lib/gcc/arm-none-eabi/9.3.1/../../../../arm-none-eabi/lib/thumb/v7-m/nofp/crt0.o (exit)
d:/documents for work/st/stm32cubeide_1.7.0/stm32cubeide/plugins/com.st.stm32cube.ide.mcu.externaltools.gnu-tools-for-stm32.9-2020-q2-update.win32_2.0.0.202105311346/tools/bin/../lib/gcc/arm-none-eabi/9.3.1/../../../../arm-none-eabi/lib/thumb/v7-m/nofp\libc_nano.a(lib_a-impure.o)
                              d:/documents for work/st/stm32cubeide_1.7.0/stm32cubeide/plugins/com.st.stm32cube.ide.mcu.externaltools.gnu-tools-for-stm32.9-2020-q2-update.win32_2.0.0.202105311346/tools/bin/../lib/gcc/arm-none-eabi/9.3.1/../../../../arm-none-eabi/lib/thumb/v7-m/nofp\libc_nano.a(lib_a-exit.o) (_global_impure_ptr)
d:/documents for work/st/stm32cubeide_1.7.0/stm32cubeide/plugins/com.st.stm32cube.ide.mcu.externaltools.gnu-tools-for-stm32.9-2020-q2-update.win32_2.0.0.202105311346/tools/bin/../lib/gcc/arm-none-eabi/9.3.1/../../../../arm-none-eabi/lib/thumb/v7-m/nofp\libc_nano.a(lib_a-init.o)
                              d:/documents for work/st/stm32cubeide_1.7.0/stm32cubeide/plugins/com.st.stm32cube.ide.mcu.externaltools.gnu-tools-for-stm32.9-2020-q2-update.win32_2.0.0.202105311346/tools/bin/../lib/gcc/arm-none-eabi/9.3.1/../../../../arm-none-eabi/lib/thumb/v7-m/nofp/crt0.o (__libc_init_array)
d:/documents for work/st/stm32cubeide_1.7.0/stm32cubeide/plugins/com.st.stm32cube.ide.mcu.externaltools.gnu-tools-for-stm32.9-2020-q2-update.win32_2.0.0.202105311346/tools/bin/../lib/gcc/arm-none-eabi/9.3.1/../../../../arm-none-eabi/lib/thumb/v7-m/nofp\libc_nano.a(lib_a-malloc.o)
                              ./Core/Src/i2c_lcd.o (malloc)
d:/documents for work/st/stm32cubeide_1.7.0/stm32cubeide/plugins/com.st.stm32cube.ide.mcu.externaltools.gnu-tools-for-stm32.9-2020-q2-update.win32_2.0.0.202105311346/tools/bin/../lib/gcc/arm-none-eabi/9.3.1/../../../../arm-none-eabi/lib/thumb/v7-m/nofp\libc_nano.a(lib_a-memset.o)
                              d:/documents for work/st/stm32cubeide_1.7.0/stm32cubeide/plugins/com.st.stm32cube.ide.mcu.externaltools.gnu-tools-for-stm32.9-2020-q2-update.win32_2.0.0.202105311346/tools/bin/../lib/gcc/arm-none-eabi/9.3.1/../../../../arm-none-eabi/lib/thumb/v7-m/nofp/crt0.o (memset)
d:/documents for work/st/stm32cubeide_1.7.0/stm32cubeide/plugins/com.st.stm32cube.ide.mcu.externaltools.gnu-tools-for-stm32.9-2020-q2-update.win32_2.0.0.202105311346/tools/bin/../lib/gcc/arm-none-eabi/9.3.1/../../../../arm-none-eabi/lib/thumb/v7-m/nofp\libc_nano.a(lib_a-nano-freer.o)
                              d:/documents for work/st/stm32cubeide_1.7.0/stm32cubeide/plugins/com.st.stm32cube.ide.mcu.externaltools.gnu-tools-for-stm32.9-2020-q2-update.win32_2.0.0.202105311346/tools/bin/../lib/gcc/arm-none-eabi/9.3.1/../../../../arm-none-eabi/lib/thumb/v7-m/nofp\libc_nano.a(lib_a-malloc.o) (_free_r)
d:/documents for work/st/stm32cubeide_1.7.0/stm32cubeide/plugins/com.st.stm32cube.ide.mcu.externaltools.gnu-tools-for-stm32.9-2020-q2-update.win32_2.0.0.202105311346/tools/bin/../lib/gcc/arm-none-eabi/9.3.1/../../../../arm-none-eabi/lib/thumb/v7-m/nofp\libc_nano.a(lib_a-nano-mallocr.o)
                              d:/documents for work/st/stm32cubeide_1.7.0/stm32cubeide/plugins/com.st.stm32cube.ide.mcu.externaltools.gnu-tools-for-stm32.9-2020-q2-update.win32_2.0.0.202105311346/tools/bin/../lib/gcc/arm-none-eabi/9.3.1/../../../../arm-none-eabi/lib/thumb/v7-m/nofp\libc_nano.a(lib_a-malloc.o) (_malloc_r)
d:/documents for work/st/stm32cubeide_1.7.0/stm32cubeide/plugins/com.st.stm32cube.ide.mcu.externaltools.gnu-tools-for-stm32.9-2020-q2-update.win32_2.0.0.202105311346/tools/bin/../lib/gcc/arm-none-eabi/9.3.1/../../../../arm-none-eabi/lib/thumb/v7-m/nofp\libc_nano.a(lib_a-sbrkr.o)
                              d:/documents for work/st/stm32cubeide_1.7.0/stm32cubeide/plugins/com.st.stm32cube.ide.mcu.externaltools.gnu-tools-for-stm32.9-2020-q2-update.win32_2.0.0.202105311346/tools/bin/../lib/gcc/arm-none-eabi/9.3.1/../../../../arm-none-eabi/lib/thumb/v7-m/nofp\libc_nano.a(lib_a-nano-mallocr.o) (_sbrk_r)
[...]
Memory Configuration

Name             Origin             Length             Attributes
RAM              0x0000000020000000 0x0000000000005000 xrw
FLASH            0x0000000008000000 0x0000000000020000 xr
*default*        0x0000000000000000 0xffffffffffffffff

Linker script and memory map

LOAD d:/documents for work/st/stm32cubeide_1.7.0/stm32cubeide/plugins/com.st.stm32cube.ide.mcu.externaltools.gnu-tools-for-stm32.9-2020-q2-update.win32_2.0.0.202105311346/tools/bin/../lib/gcc/arm-none-eabi/9.3.1/thumb/v7-m/nofp/crti.o
LOAD d:/documents for work/st/stm32cubeide_1.7.0/stm32cubeide/plugins/com.st.stm32cube.ide.mcu.externaltools.gnu-tools-for-stm32.9-2020-q2-update.win32_2.0.0.202105311346/tools/bin/../lib/gcc/arm-none-eabi/9.3.1/thumb/v7-m/nofp/crtbegin.o
LOAD d:/documents for work/st/stm32cubeide_1.7.0/stm32cubeide/plugins/com.st.stm32cube.ide.mcu.externaltools.gnu-tools-for-stm32.9-2020-q2-update.win32_2.0.0.202105311346/tools/bin/../lib/gcc/arm-none-eabi/9.3.1/../../../../arm-none-eabi/lib/thumb/v7-m/nofp/crt0.o
LOAD ./Core/Src/button.o
LOAD ./Core/Src/control_traffic.o
LOAD ./Core/Src/fsm_automatic.o
LOAD ./Core/Src/fsm_lcd.o
LOAD ./Core/Src/fsm_manual.o
LOAD ./Core/Src/fsm_mode.o
LOAD ./Core/Src/global.o
LOAD ./Core/Src/i2c_lcd.o
LOAD ./Core/Src/main.o
LOAD ./Core/Src/scheduler.o
LOAD ./Core/Src/software_timer.o
LOAD ./Core/Src/stm32f1xx_hal_msp.o
LOAD ./Core/Src/stm32f1xx_it.o
LOAD ./Core/Src/syscalls.o
LOAD ./Core/Src/sysmem.o
LOAD ./Core/Src/system_stm32f1xx.o
LOAD ./Core/Startup/startup_stm32f103rbtx.o
LOAD ./Drivers/STM32F1xx_HAL_Driver/Src/stm32f1xx_hal.o
LOAD ./Drivers/STM32F1xx_HAL_Driver/Src/stm32f1xx_hal_cortex.o
LOAD ./Drivers/STM32F1xx_HAL_Driver/Src/stm32f1xx_hal_dma.o
LOAD ./Drivers/STM32F1xx_HAL_Driver/Src/stm32f1xx_hal_exti.o
LOAD ./Drivers/STM32F1xx_HAL_Driver/Src/stm32f1xx_hal_flash.o
LOAD ./Drivers/STM32F1xx_HAL_Driver/Src/stm32f1xx_hal_flash_ex.o
LOAD ./Drivers/STM32F1xx_HAL_Driver/Src/stm32f1xx_hal_gpio.o
LOAD ./Drivers/STM32F1xx_HAL_Driver/Src/stm32f1xx_hal_gpio_ex.o
LOAD ./Drivers/STM32F1xx_HAL_Driver/Src/stm32f1xx_hal_i2c.o
LOAD ./Drivers/STM32F1xx_HAL_Driver/Src/stm32f1xx_hal_pwr.o
LOAD ./Drivers/STM32F1xx_HAL_Driver/Src/stm32f1xx_hal_rcc.o
LOAD ./Drivers/STM32F1xx_HAL_Driver/Src/stm32f1xx_hal_rcc_ex.o
LOAD ./Drivers/STM32F1xx_HAL_Driver/Src/stm32f1xx_hal_tim.o
LOAD ./Drivers/STM32F1xx_HAL_Driver/Src/stm32f1xx_hal_tim_ex.o
LOAD ./Drivers/STM32F1xx_HAL_Driver/Src/stm32f1xx_hal_uart.o
START GROUP
LOAD d:/documents for work/st/stm32cubeide_1.7.0/stm32cubeide/plugins/com.st.stm32cube.ide.mcu.externaltools.gnu-tools-for-stm32.9-2020-q2-update.win32_2.0.0.202105311346/tools/bin/../lib/gcc/arm-none-eabi/9.3.1/../../../../arm-none-eabi/lib/thumb/v7-m/nofp\libc_nano.a
LOAD d:/documents for work/st/stm32cubeide_1.7.0/stm32cubeide/plugins/com.st.stm32cube.ide.mcu.externaltools.gnu-tools-for-stm32.9-2020-q2-update.win32_2.0.0.202105311346/tools/bin/../lib/gcc/arm-none-eabi/9.3.1/../../../../arm-none-eabi/lib/thumb/v7-m/nofp\libm.a
END GROUP
START GROUP
LOAD d:/documents for work/st/stm32cubeide_1.7.0/stm32cubeide/plugins/com.st.stm32cube.ide.mcu.externaltools.gnu-tools-for-stm32.9-2020-q2-update.win32_2.0.0.202105311346/tools/bin/../lib/gcc/arm-none-eabi/9.3.1/thumb/v7-m/nofp\libgcc.a
LOAD d:/documents for work/st/stm32cubeide_1.7.0/stm32cubeide/plugins/com.st.stm32cube.ide.mcu.externaltools.gnu-tools-for-stm32.9-2020-q2-update.win32_2.0.0.202105311346/tools/bin/../lib/gcc/arm-none-eabi/9.3.1/../../../../arm-none-eabi/lib/thumb/v7-m/nofp\libc_nano.a
END GROUP
START GROUP
LOAD d:/documents for work/st/stm32cubeide_1.7.0/stm32cubeide/plugins/com.st.stm32cube.ide.mcu.externaltools.gnu-tools-for-stm32.9-2020-q2-update.win32_2.0.0.202105311346/tools/bin/../lib/gcc/arm-none-eabi/9.3.1/thumb/v7-m/nofp\libgcc.a
LOAD d:/documents for work/st/stm32cubeide_1.7.0/stm32cubeide/plugins/com.st.stm32cube.ide.mcu.externaltools.gnu-tools-for-stm32.9-2020-q2-update.win32_2.0.0.202105311346/tools/bin/../lib/gcc/arm-none-eabi/9.3.1/../../../../arm-none-eabi/lib/thumb/v7-m/nofp\libc_nano.a
LOAD d:/documents for work/st/stm32cubeide_1.7.0/stm32cubeide/plugins/com.st.stm32cube.ide.mcu.externaltools.gnu-tools-for-stm32.9-2020-q2-update.win32_2.0.0.202105311346/tools/bin/../lib/gcc/arm-none-eabi/9.3.1/../../../../arm-none-eabi/lib/thumb/v7-m/nofp\libnosys.a
END GROUP
START GROUP
LOAD d:/documents for work/st/stm32cubeide_1.7.0/stm32cubeide/plugins/com.st.stm32cube.ide.mcu.externaltools.gnu-tools-for-stm32.9-2020-q2-update.win32_2.0.0.202105311346/tools/bin/../lib/gcc/arm-none-eabi/9.3.1/thumb/v7-m/nofp\libgcc.a
LOAD d:/documents for work/st/stm32cubeide_1.7.0/stm32cubeide/plugins/com.st.stm32cube.ide.mcu.externaltools.gnu-tools-for-stm32.9-2020-q2-update.win32_2.0.0.202105311346/tools/bin/../lib/gcc/arm-none-eabi/9.3.1/../../../../arm-none-eabi/lib/thumb/v7-m/nofp\libc_nano.a
LOAD d:/documents for work/st/stm32cubeide_1.7.0/stm32cubeide/plugins/com.st.stm32cube.ide.mcu.externaltools.gnu-tools-for-stm32.9-2020-q2-update.win32_2.0.0.202105311346/tools/bin/../lib/gcc/arm-none-eabi/9.3.1/../../../../arm-none-eabi/lib/thumb/v7-m/nofp\libnosys.a
END GROUP
LOAD d:/documents for work/st/stm32cubeide_1.7.0/stm32cubeide/plugins/com.st.stm32cube.ide.mcu.externaltools.gnu-tools-for-stm32.9-2020-q2-update.win32_2.0.0.202105311346/tools/bin/../lib/gcc/arm-none-eabi/9.3.1/thumb/v7-m/nofp/crtend.o
LOAD d:/documents for work/st/stm32cubeide_1.7.0/stm32cubeide/plugins/com.st.stm32cube.ide.mcu.externaltools.gnu-tools-for-stm32.9-2020-q2-update.win32_2.0.0.202105311346/tools/bin/../lib/gcc/arm-none-eabi/9.3.1/thumb/v7-m/nofp/crtn.o
                0x0000000020005000                _estack = (ORIGIN (RAM) + LENGTH (RAM))
                0x0000000000000200                _Min_Heap_Size = 0x200
                0x0000000000000400                _Min_Stack_Size = 0x400

.isr_vector     0x0000000008000000      0x10c
                0x0000000008000000                . = ALIGN (0x4)
 *(.isr_vector)
 .isr_vector    0x0000000008000000      0x10c ./Core/Startup/startup_stm32f103rbtx.o
                0x0000000008000000                g_pfnVectors
                0x000000000800010c                . = ALIGN (0x4)

.text           0x000000000800010c     0x42dc
                0x000000000800010c                . = ALIGN (0x4)
 *(.text)
 .text          0x000000000800010c       0x40 d:/documents for work/st/stm32cubeide_1.7.0/stm32cubeide/plugins/com.st.stm32cube.ide.mcu.externaltools.gnu-tools-for-stm32.9-2020-q2-update.win32_2.0.0.202105311346/tools/bin/../lib/gcc/arm-none-eabi/9.3.1/thumb/v7-m/nofp/crtbegin.o
 *(.text*)
 .text.IsButtonPress
                0x000000000800014c       0x34 ./Core/Src/button.o
                0x000000000800014c                IsButtonPress
 .text.subKeyProcess
                0x0000000008000180       0x20 ./Core/Src/button.o
                0x0000000008000180                subKeyProcess
 .text.getIndex
                0x00000000080001a0       0x5c ./Core/Src/button.o
                0x00000000080001a0                getIndex
 .text.getKeyInput
                0x00000000080001fc      0x114 ./Core/Src/button.o
                0x00000000080001fc                getKeyInput
 .text.clearStatus_A
                0x0000000008000310       0x2c ./Core/Src/control_traffic.o
                0x0000000008000310                clearStatus_A
 .text.clearStatus_B
                0x000000000800033c       0x2c ./Core/Src/control_traffic.o
                0x000000000800033c                clearStatus_B
 .text.clearStatus
                0x0000000008000368       0x48 ./Core/Src/control_traffic.o
                0x0000000008000368                clearStatus
 .text.displayTraffic
                0x00000000080003b0      0x160 ./Core/Src/control_traffic.o
                0x00000000080003b0                displayTraffic
 .text.statusModeTraffic
                0x0000000008000510       0x64 ./Core/Src/control_traffic.o
                0x0000000008000510                statusModeTraffic
 .text.statusManTraffic
                0x0000000008000574       0xe4 ./Core/Src/control_traffic.o
                0x0000000008000574                statusManTraffic
 .text.statusTraffic_A
                0x0000000008000658       0x48 ./Core/Src/control_traffic.o
                0x0000000008000658                statusTraffic_A
 .text.statusTraffic_B
                0x00000000080006a0       0x48 ./Core/Src/control_traffic.o
                0x00000000080006a0                statusTraffic_B
 .text.fsm_automatic_run
                0x00000000080006e8       0x10 ./Core/Src/fsm_automatic.o
                0x00000000080006e8                fsm_automatic_run
 .text.fsm_automatic_run_A
                0x00000000080006f8      0x110 ./Core/Src/fsm_automatic.o
                0x00000000080006f8                fsm_automatic_run_A
 .text.fsm_automatic_run_B
                0x0000000008000808      0x110 ./Core/Src/fsm_automatic.o
                0x0000000008000808                fsm_automatic_run_B
 .text.fsm_lcd_run
                0x0000000008000918      0x200 ./Core/Src/fsm_lcd.o
                0x0000000008000918                fsm_lcd_run
 .text.status_manual_mode
                0x0000000008000b18       0x70 ./Core/Src/fsm_manual.o
                0x0000000008000b18                status_manual_mode
 .text.fsm_manual_run
                0x0000000008000b88      0x288 ./Core/Src/fsm_manual.o
                0x0000000008000b88                fsm_manual_run
 .text.fsm_mode
                0x0000000008000e10      0x1dc ./Core/Src/fsm_mode.o
                0x0000000008000e10                fsm_mode
 .text.lcd_send_cmd
                0x0000000008000fec       0x60 ./Core/Src/i2c_lcd.o
                0x0000000008000fec                lcd_send_cmd
 .text.lcd_send_data
                0x000000000800104c       0x60 ./Core/Src/i2c_lcd.o
                0x000000000800104c                lcd_send_data
 .text.lcd_init
                0x00000000080010ac       0x5c ./Core/Src/i2c_lcd.o
                0x00000000080010ac                lcd_init
 .text.lcd_send_string
                0x0000000008001108       0x2a ./Core/Src/i2c_lcd.o
                0x0000000008001108                lcd_send_string
 .text.lcd_clear_display
                0x0000000008001132        0xe ./Core/Src/i2c_lcd.o
                0x0000000008001132                lcd_clear_display
 .text.lcd_display_value
                0x0000000008001140       0x48 ./Core/Src/i2c_lcd.o
                0x0000000008001140                lcd_display_value
 .text.lcd_goto_XY
                0x0000000008001188       0x44 ./Core/Src/i2c_lcd.o
                0x0000000008001188                lcd_goto_XY
 .text.main     0x00000000080011cc       0x3c ./Core/Src/main.o
                0x00000000080011cc                main
 .text.SystemClock_Config
                0x0000000008001208       0x80 ./Core/Src/main.o
                0x0000000008001208                SystemClock_Config
 .text.MX_I2C1_Init
                0x0000000008001288       0x5c ./Core/Src/main.o
 .text.MX_TIM2_Init
                0x00000000080012e4       0x98 ./Core/Src/main.o
 .text.MX_USART2_UART_Init
                0x000000000800137c       0x54 ./Core/Src/main.o
 .text.MX_GPIO_Init
                0x00000000080013d0      0x14c ./Core/Src/main.o
 .text.HAL_TIM_PeriodElapsedCallback
                0x000000000800151c       0x18 ./Core/Src/main.o
                0x000000000800151c                HAL_TIM_PeriodElapsedCallback
 .text.Error_Handler
                0x0000000008001534        0xa ./Core/Src/main.o
                0x0000000008001534                Error_Handler
 *fill*         0x000000000800153e        0x2 
 .text.setTimer
                0x0000000008001540       0x40 ./Core/Src/software_timer.o
                0x0000000008001540                setTimer
 .text.timerun  0x0000000008001580       0x60 ./Core/Src/software_timer.o
                0x0000000008001580                timerun
 .text.HAL_MspInit
                0x00000000080015e0       0x64 ./Core/Src/stm32f1xx_hal_msp.o
                0x00000000080015e0                HAL_MspInit
 .text.HAL_I2C_MspInit
                0x0000000008001644       0xa0 ./Core/Src/stm32f1xx_hal_msp.o
                0x0000000008001644                HAL_I2C_MspInit
 .text.HAL_TIM_Base_MspInit
                0x00000000080016e4       0x48 ./Core/Src/stm32f1xx_hal_msp.o
                0x00000000080016e4                HAL_TIM_Base_MspInit
 .text.HAL_UART_MspInit
                0x000000000800172c       0x7c ./Core/Src/stm32f1xx_hal_msp.o
                0x000000000800172c                HAL_UART_MspInit
 .text.NMI_Handler
                0x00000000080017a8        0x6 ./Core/Src/stm32f1xx_it.o
                0x00000000080017a8                NMI_Handler
 .text.HardFault_Handler
                0x00000000080017ae        0x6 ./Core/Src/stm32f1xx_it.o
                0x00000000080017ae                HardFault_Handler
 .text.MemManage_Handler
                0x00000000080017b4        0x6 ./Core/Src/stm32f1xx_it.o
                0x00000000080017b4                MemManage_Handler
 .text.BusFault_Handler
                0x00000000080017ba        0x6 ./Core/Src/stm32f1xx_it.o
                0x00000000080017ba                BusFault_Handler
 .text.UsageFault_Handler
                0x00000000080017c0        0x6 ./Core/Src/stm32f1xx_it.o
                0x00000000080017c0                UsageFault_Handler
 .text.SVC_Handler
                0x00000000080017c6        0xc ./Core/Src/stm32f1xx_it.o
                0x00000000080017c6                SVC_Handler
 .text.DebugMon_Handler
                0x00000000080017d2        0xc ./Core/Src/stm32f1xx_it.o
                0x00000000080017d2                DebugMon_Handler
 .text.PendSV_Handler
                0x00000000080017de        0xc ./Core/Src/stm32f1xx_it.o
                0x00000000080017de                PendSV_Handler
 .text.SysTick_Handler
                0x00000000080017ea        0xc ./Core/Src/stm32f1xx_it.o
                0x00000000080017ea                SysTick_Handler
 *fill*         0x00000000080017f6        0x2 
 .text.TIM2_IRQHandler
                0x00000000080017f8       0x14 ./Core/Src/stm32f1xx_it.o
                0x00000000080017f8                TIM2_IRQHandler
 .text.EXTI15_10_IRQHandler
                0x000000000800180c       0x10 ./Core/Src/stm32f1xx_it.o
                0x000000000800180c                EXTI15_10_IRQHandler
 .text._sbrk    0x000000000800181c       0x6c ./Core/Src/sysmem.o
                0x000000000800181c                _sbrk
 .text.SystemInit
                0x0000000008001888        0xc ./Core/Src/system_stm32f1xx.o
                0x0000000008001888                SystemInit
 .text.Reset_Handler
                0x0000000008001894       0x48 ./Core/Startup/startup_stm32f103rbtx.o
                0x0000000008001894                Reset_Handler
 .text.Default_Handler
                0x00000000080018dc        0x2 ./Core/Startup/startup_stm32f103rbtx.o
                0x00000000080018dc                RTC_Alarm_IRQHandler
                0x00000000080018dc                EXTI2_IRQHandler
                0x00000000080018dc                TIM1_CC_IRQHandler
                0x00000000080018dc                PVD_IRQHandler
                0x00000000080018dc                EXTI3_IRQHandler
                0x00000000080018dc                EXTI0_IRQHandler
                0x00000000080018dc                I2C2_EV_IRQHandler
                0x00000000080018dc                ADC1_2_IRQHandler
                0x00000000080018dc                SPI1_IRQHandler
                0x00000000080018dc                TAMPER_IRQHandler
                0x00000000080018dc                DMA1_Channel4_IRQHandler
                0x00000000080018dc                USART3_IRQHandler
                0x00000000080018dc                RTC_IRQHandler
                0x00000000080018dc                DMA1_Channel7_IRQHandler
                0x00000000080018dc                CAN1_RX1_IRQHandler
                0x00000000080018dc                TIM4_IRQHandler
                0x00000000080018dc                I2C1_EV_IRQHandler
                0x00000000080018dc                DMA1_Channel6_IRQHandler
                0x00000000080018dc                TIM3_IRQHandler
                0x00000000080018dc                RCC_IRQHandler
                0x00000000080018dc                TIM1_TRG_COM_IRQHandler
                0x00000000080018dc                DMA1_Channel1_IRQHandler
                0x00000000080018dc                Default_Handler
                0x00000000080018dc                EXTI9_5_IRQHandler
                0x00000000080018dc                SPI2_IRQHandler
                0x00000000080018dc                DMA1_Channel5_IRQHandler
                0x00000000080018dc                EXTI4_IRQHandler
                0x00000000080018dc                USB_LP_CAN1_RX0_IRQHandler
                0x00000000080018dc                USB_HP_CAN1_TX_IRQHandler
                0x00000000080018dc                DMA1_Channel3_IRQHandler
                0x00000000080018dc                TIM1_UP_IRQHandler
                0x00000000080018dc                WWDG_IRQHandler
                0x00000000080018dc                TIM1_BRK_IRQHandler
                0x00000000080018dc                EXTI1_IRQHandler
                0x00000000080018dc                USART2_IRQHandler
                0x00000000080018dc                I2C2_ER_IRQHandler
                0x00000000080018dc                DMA1_Channel2_IRQHandler
                0x00000000080018dc                CAN1_SCE_IRQHandler
                0x00000000080018dc                FLASH_IRQHandler
                0x00000000080018dc                USART1_IRQHandler
                0x00000000080018dc                I2C1_ER_IRQHandler
                0x00000000080018dc                USBWakeUp_IRQHandler
 *fill*         0x00000000080018de        0x2 
 .text.HAL_Init
                0x00000000080018e0       0x2c ./Drivers/STM32F1xx_HAL_Driver/Src/stm32f1xx_hal.o
                0x00000000080018e0                HAL_Init
 .text.HAL_InitTick
                0x000000000800190c       0x60 ./Drivers/STM32F1xx_HAL_Driver/Src/stm32f1xx_hal.o
                0x000000000800190c                HAL_InitTick
 .text.HAL_IncTick
                0x000000000800196c       0x24 ./Drivers/STM32F1xx_HAL_Driver/Src/stm32f1xx_hal.o
                0x000000000800196c                HAL_IncTick
 .text.HAL_GetTick
                0x0000000008001990       0x14 ./Drivers/STM32F1xx_HAL_Driver/Src/stm32f1xx_hal.o
                0x0000000008001990                HAL_GetTick
 .text.HAL_Delay
                0x00000000080019a4       0x48 ./Drivers/STM32F1xx_HAL_Driver/Src/stm32f1xx_hal.o
                0x00000000080019a4                HAL_Delay
 .text.__NVIC_SetPriorityGrouping
                0x00000000080019ec       0x48 ./Drivers/STM32F1xx_HAL_Driver/Src/stm32f1xx_hal_cortex.o
 .text.__NVIC_GetPriorityGrouping
                0x0000000008001a34       0x1c ./Drivers/STM32F1xx_HAL_Driver/Src/stm32f1xx_hal_cortex.o
 .text.__NVIC_EnableIRQ
                0x0000000008001a50       0x38 ./Drivers/STM32F1xx_HAL_Driver/Src/stm32f1xx_hal_cortex.o
 .text.__NVIC_SetPriority
                0x0000000008001a88       0x54 ./Drivers/STM32F1xx_HAL_Driver/Src/stm32f1xx_hal_cortex.o
 .text.NVIC_EncodePriority
                0x0000000008001adc       0x64 ./Drivers/STM32F1xx_HAL_Driver/Src/stm32f1xx_hal_cortex.o
 .text.SysTick_Config
                0x0000000008001b40       0x44 ./Drivers/STM32F1xx_HAL_Driver/Src/stm32f1xx_hal_cortex.o
 .text.HAL_NVIC_SetPriorityGrouping
                0x0000000008001b84       0x16 ./Drivers/STM32F1xx_HAL_Driver/Src/stm32f1xx_hal_cortex.o
                0x0000000008001b84                HAL_NVIC_SetPriorityGrouping
 .text.HAL_NVIC_SetPriority
                0x0000000008001b9a       0x38 ./Drivers/STM32F1xx_HAL_Driver/Src/stm32f1xx_hal_cortex.o
                0x0000000008001b9a                HAL_NVIC_SetPriority
 .text.HAL_NVIC_EnableIRQ
                0x0000000008001bd2       0x1c ./Drivers/STM32F1xx_HAL_Driver/Src/stm32f1xx_hal_cortex.o
                0x0000000008001bd2                HAL_NVIC_EnableIRQ
 .text.HAL_SYSTICK_Config
                0x0000000008001bee       0x18 ./Drivers/STM32F1xx_HAL_Driver/Src/stm32f1xx_hal_cortex.o
                0x0000000008001bee                HAL_SYSTICK_Config
 *fill*         0x0000000008001c06        0x2 
 .text.HAL_GPIO_Init
                0x0000000008001c08      0x308 ./Drivers/STM32F1xx_HAL_Driver/Src/stm32f1xx_hal_gpio.o
                0x0000000008001c08                HAL_GPIO_Init
 .text.HAL_GPIO_ReadPin
                0x0000000008001f10       0x2e ./Drivers/STM32F1xx_HAL_Driver/Src/stm32f1xx_hal_gpio.o
                0x0000000008001f10                HAL_GPIO_ReadPin
 .text.HAL_GPIO_WritePin
                0x0000000008001f3e       0x30 ./Drivers/STM32F1xx_HAL_Driver/Src/stm32f1xx_hal_gpio.o
                0x0000000008001f3e                HAL_GPIO_WritePin
 .text.HAL_GPIO_TogglePin
                0x0000000008001f6e       0x32 ./Drivers/STM32F1xx_HAL_Driver/Src/stm32f1xx_hal_gpio.o
                0x0000000008001f6e                HAL_GPIO_TogglePin
 .text.HAL_GPIO_EXTI_IRQHandler
                0x0000000008001fa0       0x30 ./Drivers/STM32F1xx_HAL_Driver/Src/stm32f1xx_hal_gpio.o
                0x0000000008001fa0                HAL_GPIO_EXTI_IRQHandler
 .text.HAL_GPIO_EXTI_Callback
                0x0000000008001fd0       0x14 ./Drivers/STM32F1xx_HAL_Driver/Src/stm32f1xx_hal_gpio.o
                0x0000000008001fd0                HAL_GPIO_EXTI_Callback
 .text.HAL_I2C_Init
                0x0000000008001fe4      0x288 ./Drivers/STM32F1xx_HAL_Driver/Src/stm32f1xx_hal_i2c.o
                0x0000000008001fe4                HAL_I2C_Init
 .text.HAL_I2C_Master_Transmit
                0x000000000800226c      0x1fc ./Drivers/STM32F1xx_HAL_Driver/Src/stm32f1xx_hal_i2c.o
                0x000000000800226c                HAL_I2C_Master_Transmit
 .text.I2C_MasterRequestWrite
                0x0000000008002468      0x104 ./Drivers/STM32F1xx_HAL_Driver/Src/stm32f1xx_hal_i2c.o
 .text.I2C_WaitOnFlagUntilTimeout
                0x000000000800256c       0xf4 ./Drivers/STM32F1xx_HAL_Driver/Src/stm32f1xx_hal_i2c.o
 .text.I2C_WaitOnMasterAddressFlagUntilTimeout
                0x0000000008002660      0x140 ./Drivers/STM32F1xx_HAL_Driver/Src/stm32f1xx_hal_i2c.o
 .text.I2C_WaitOnTXEFlagUntilTimeout
                0x00000000080027a0       0x90 ./Drivers/STM32F1xx_HAL_Driver/Src/stm32f1xx_hal_i2c.o
 .text.I2C_WaitOnBTFFlagUntilTimeout
                0x0000000008002830       0x90 ./Drivers/STM32F1xx_HAL_Driver/Src/stm32f1xx_hal_i2c.o
 .text.I2C_IsAcknowledgeFailed
                0x00000000080028c0       0x5c ./Drivers/STM32F1xx_HAL_Driver/Src/stm32f1xx_hal_i2c.o
 .text.HAL_RCC_OscConfig
                0x000000000800291c      0x500 ./Drivers/STM32F1xx_HAL_Driver/Src/stm32f1xx_hal_rcc.o
                0x000000000800291c                HAL_RCC_OscConfig
 .text.HAL_RCC_ClockConfig
                0x0000000008002e1c      0x1d4 ./Drivers/STM32F1xx_HAL_Driver/Src/stm32f1xx_hal_rcc.o
                0x0000000008002e1c                HAL_RCC_ClockConfig
 .text.HAL_RCC_GetSysClockFreq
                0x0000000008002ff0       0xa8 ./Drivers/STM32F1xx_HAL_Driver/Src/stm32f1xx_hal_rcc.o
                0x0000000008002ff0                HAL_RCC_GetSysClockFreq
 .text.HAL_RCC_GetHCLKFreq
                0x0000000008003098       0x14 ./Drivers/STM32F1xx_HAL_Driver/Src/stm32f1xx_hal_rcc.o
                0x0000000008003098                HAL_RCC_GetHCLKFreq
 .text.HAL_RCC_GetPCLK1Freq
                0x00000000080030ac       0x28 ./Drivers/STM32F1xx_HAL_Driver/Src/stm32f1xx_hal_rcc.o
                0x00000000080030ac                HAL_RCC_GetPCLK1Freq
 .text.HAL_RCC_GetPCLK2Freq
                0x00000000080030d4       0x28 ./Drivers/STM32F1xx_HAL_Driver/Src/stm32f1xx_hal_rcc.o
                0x00000000080030d4                HAL_RCC_GetPCLK2Freq
 .text.RCC_Delay
                0x00000000080030fc       0x3c ./Drivers/STM32F1xx_HAL_Driver/Src/stm32f1xx_hal_rcc.o
 .text.HAL_TIM_Base_Init
                0x0000000008003138       0x9e ./Drivers/STM32F1xx_HAL_Driver/Src/stm32f1xx_hal_tim.o
                0x0000000008003138                HAL_TIM_Base_Init
 *fill*         0x00000000080031d6        0x2 
 .text.HAL_TIM_Base_Start_IT
                0x00000000080031d8       0xa4 ./Drivers/STM32F1xx_HAL_Driver/Src/stm32f1xx_hal_tim.o
                0x00000000080031d8                HAL_TIM_Base_Start_IT
 .text.HAL_TIM_IRQHandler
                0x000000000800327c      0x1e0 ./Drivers/STM32F1xx_HAL_Driver/Src/stm32f1xx_hal_tim.o
                0x000000000800327c                HAL_TIM_IRQHandler
 .text.HAL_TIM_ConfigClockSource
                0x000000000800345c      0x18e ./Drivers/STM32F1xx_HAL_Driver/Src/stm32f1xx_hal_tim.o
                0x000000000800345c                HAL_TIM_ConfigClockSource
 .text.HAL_TIM_OC_DelayElapsedCallback
                0x00000000080035ea       0x12 ./Drivers/STM32F1xx_HAL_Driver/Src/stm32f1xx_hal_tim.o
                0x00000000080035ea                HAL_TIM_OC_DelayElapsedCallback
 .text.HAL_TIM_IC_CaptureCallback
                0x00000000080035fc       0x12 ./Drivers/STM32F1xx_HAL_Driver/Src/stm32f1xx_hal_tim.o
                0x00000000080035fc                HAL_TIM_IC_CaptureCallback
 .text.HAL_TIM_PWM_PulseFinishedCallback
                0x000000000800360e       0x12 ./Drivers/STM32F1xx_HAL_Driver/Src/stm32f1xx_hal_tim.o
                0x000000000800360e                HAL_TIM_PWM_PulseFinishedCallback
 .text.HAL_TIM_TriggerCallback
                0x0000000008003620       0x12 ./Drivers/STM32F1xx_HAL_Driver/Src/stm32f1xx_hal_tim.o
                0x0000000008003620                HAL_TIM_TriggerCallback
 *fill*         0x0000000008003632        0x2 
 .text.TIM_Base_SetConfig
                0x0000000008003634       0xdc ./Drivers/STM32F1xx_HAL_Driver/Src/stm32f1xx_hal_tim.o
                0x0000000008003634                TIM_Base_SetConfig
 .text.TIM_TI1_ConfigInputStage
                0x0000000008003710       0x5c ./Drivers/STM32F1xx_HAL_Driver/Src/stm32f1xx_hal_tim.o
 .text.TIM_TI2_ConfigInputStage
                0x000000000800376c       0x5e ./Drivers/STM32F1xx_HAL_Driver/Src/stm32f1xx_hal_tim.o
 .text.TIM_ITRx_SetConfig
                0x00000000080037ca       0x34 ./Drivers/STM32F1xx_HAL_Driver/Src/stm32f1xx_hal_tim.o
 .text.TIM_ETR_SetConfig
                0x00000000080037fe       0x3e ./Drivers/STM32F1xx_HAL_Driver/Src/stm32f1xx_hal_tim.o
                0x00000000080037fe                TIM_ETR_SetConfig
 .text.HAL_TIMEx_MasterConfigSynchronization
                0x000000000800383c       0xbc ./Drivers/STM32F1xx_HAL_Driver/Src/stm32f1xx_hal_tim_ex.o
                0x000000000800383c                HAL_TIMEx_MasterConfigSynchronization
 .text.HAL_TIMEx_CommutCallback
                0x00000000080038f8       0x12 ./Drivers/STM32F1xx_HAL_Driver/Src/stm32f1xx_hal_tim_ex.o
                0x00000000080038f8                HAL_TIMEx_CommutCallback
 .text.HAL_TIMEx_BreakCallback
                0x000000000800390a       0x12 ./Drivers/STM32F1xx_HAL_Driver/Src/stm32f1xx_hal_tim_ex.o
                0x000000000800390a                HAL_TIMEx_BreakCallback
 .text.HAL_UART_Init
                0x000000000800391c       0xa0 ./Drivers/STM32F1xx_HAL_Driver/Src/stm32f1xx_hal_uart.o
                0x000000000800391c                HAL_UART_Init
 .text.UART_SetConfig
                0x00000000080039bc      0x11c ./Drivers/STM32F1xx_HAL_Driver/Src/stm32f1xx_hal_uart.o
 .text.__errno  0x0000000008003ad8        0xc d:/documents for work/st/stm32cubeide_1.7.0/stm32cubeide/plugins/com.st.stm32cube.ide.mcu.externaltools.gnu-tools-for-stm32.9-2020-q2-update.win32_2.0.0.202105311346/tools/bin/../lib/gcc/arm-none-eabi/9.3.1/../../../../arm-none-eabi/lib/thumb/v7-m/nofp\libc_nano.a(lib_a-errno.o)
                0x0000000008003ad8                __errno
 .text.__libc_init_array
                0x0000000008003ae4       0x48 d:/documents for work/st/stm32cubeide_1.7.0/stm32cubeide/plugins/com.st.stm32cube.ide.mcu.externaltools.gnu-tools-for-stm32.9-2020-q2-update.win32_2.0.0.202105311346/tools/bin/../lib/gcc/arm-none-eabi/9.3.1/../../../../arm-none-eabi/lib/thumb/v7-m/nofp\libc_nano.a(lib_a-init.o)
                0x0000000008003ae4                __libc_init_array
 .text.malloc   0x0000000008003b2c       0x10 d:/documents for work/st/stm32cubeide_1.7.0/stm32cubeide/plugins/com.st.stm32cube.ide.mcu.externaltools.gnu-tools-for-stm32.9-2020-q2-update.win32_2.0.0.202105311346/tools/bin/../lib/gcc/arm-none-eabi/9.3.1/../../../../arm-none-eabi/lib/thumb/v7-m/nofp\libc_nano.a(lib_a-malloc.o)
                0x0000000008003b2c                malloc
 .text.free     0x0000000008003b3c       0x10 d:/documents for work/st/stm32cubeide_1.7.0/stm32cubeide/plugins/com.st.stm32cube.ide.mcu.externaltools.gnu-tools-for-stm32.9-2020-q2-update.win32_2.0.0.202105311346/tools/bin/../lib/gcc/arm-none-eabi/9.3.1/../../../../arm-none-eabi/lib/thumb/v7-m/nofp\libc_nano.a(lib_a-malloc.o)
                0x0000000008003b3c                free
 .text.memset   0x0000000008003b4c       0x10 d:/documents for work/st/stm32cubeide_1.7.0/stm32cubeide/plugins/com.st.stm32cube.ide.mcu.externaltools.gnu-tools-for-stm32.9-2020-q2-update.win32_2.0.0.202105311346/tools/bin/../lib/gcc/arm-none-eabi/9.3.1/../../../../arm-none-eabi/lib/thumb/v7-m/nofp\libc_nano.a(lib_a-memset.o)
                0x0000000008003b4c                memset
 .text._free_r  0x0000000008003b5c       0x98 d:/documents for work/st/stm32cubeide_1.7.0/stm32cubeide/plugins/com.st.stm32cube.ide.mcu.externaltools.gnu-tools-for-stm32.9-2020-q2-update.win32_2.0.0.202105311346/tools/bin/../lib/gcc/arm-none-eabi/9.3.1/../../../../arm-none-eabi/lib/thumb/v7-m/nofp\libc_nano.a(lib_a-nano-freer.o)
                0x0000000008003b5c                _free_r
 .text._malloc_r
                0x0000000008003bf4       0xb4 d:/documents for work/st/stm32cubeide_1.7.0/stm32cubeide/plugins/com.st.stm32cube.ide.mcu.externaltools.gnu-tools-for-stm32.9-2020-q2-update.win32_2.0.0.202105311346/tools/bin/../lib/gcc/arm-none-eabi/9.3.1/../../../../arm-none-eabi/lib/thumb/v7-m/nofp\libc_nano.a(lib_a-nano-mallocr.o)
                0x0000000008003bf4                _malloc_r
 .text._sbrk_r  0x0000000008003ca8       0x20 d:/documents for work/st/stm32cubeide_1.7.0/stm32cubeide/plugins/com.st.stm32cube.ide.mcu.externaltools.gnu-tools-for-stm32.9-2020-q2-update.win32_2.0.0.202105311346/tools/bin/../lib/gcc/arm-none-eabi/9.3.1/../../../../arm-none-eabi/lib/thumb/v7-m/nofp\libc_nano.a(lib_a-sbrkr.o)
                0x0000000008003ca8                _sbrk_r
 .text.sprintf  0x0000000008003cc8       0x40 d:/documents for work/st/stm32cubeide_1.7.0/stm32cubeide/plugins/com.st.stm32cube.ide.mcu.externaltools.gnu-tools-for-stm32.9-2020-q2-update.win32_2.0.0.202105311346/tools/bin/../lib/gcc/arm-none-eabi/9.3.1/../../../../arm-none-eabi/lib/thumb/v7-m/nofp\libc_nano.a(lib_a-sprintf.o)
                0x0000000008003cc8                siprintf
                0x0000000008003cc8                sprintf
 .text.__malloc_lock
                0x0000000008003d08        0xc d:/documents for work/st/stm32cubeide_1.7.0/stm32cubeide/plugins/com.st.stm32cube.ide.mcu.externaltools.gnu-tools-for-stm32.9-2020-q2-update.win32_2.0.0.202105311346/tools/bin/../lib/gcc/arm-none-eabi/9.3.1/../../../../arm-none-eabi/lib/thumb/v7-m/nofp\libc_nano.a(lib_a-mlock.o)
                0x0000000008003d08                __malloc_lock
 .text.__malloc_unlock
                0x0000000008003d14        0xc d:/documents for work/st/stm32cubeide_1.7.0/stm32cubeide/plugins/com.st.stm32cube.ide.mcu.externaltools.gnu-tools-for-stm32.9-2020-q2-update.win32_2.0.0.202105311346/tools/bin/../lib/gcc/arm-none-eabi/9.3.1/../../../../arm-none-eabi/lib/thumb/v7-m/nofp\libc_nano.a(lib_a-mlock.o)
                0x0000000008003d14                __malloc_unlock
 .text.__ssputs_r
                0x0000000008003d20       0xb6 d:/documents for work/st/stm32cubeide_1.7.0/stm32cubeide/plugins/com.st.stm32cube.ide.mcu.externaltools.gnu-tools-for-stm32.9-2020-q2-update.win32_2.0.0.202105311346/tools/bin/../lib/gcc/arm-none-eabi/9.3.1/../../../../arm-none-eabi/lib/thumb/v7-m/nofp\libc_nano.a(lib_a-nano-svfprintf.o)
                0x0000000008003d20                __ssputs_r
 *fill*         0x0000000008003dd6        0x2 
 .text._svfprintf_r
                0x0000000008003dd8      0x200 d:/documents for work/st/stm32cubeide_1.7.0/stm32cubeide/plugins/com.st.stm32cube.ide.mcu.externaltools.gnu-tools-for-stm32.9-2020-q2-update.win32_2.0.0.202105311346/tools/bin/../lib/gcc/arm-none-eabi/9.3.1/../../../../arm-none-eabi/lib/thumb/v7-m/nofp\libc_nano.a(lib_a-nano-svfprintf.o)
                0x0000000008003dd8                _svfiprintf_r
                0x0000000008003dd8                _svfprintf_r
 .text._printf_common
                0x0000000008003fd8       0xde d:/documents for work/st/stm32cubeide_1.7.0/stm32cubeide/plugins/com.st.stm32cube.ide.mcu.externaltools.gnu-tools-for-stm32.9-2020-q2-update.win32_2.0.0.202105311346/tools/bin/../lib/gcc/arm-none-eabi/9.3.1/../../../../arm-none-eabi/lib/thumb/v7-m/nofp\libc_nano.a(lib_a-nano-vfprintf_i.o)
                0x0000000008003fd8                _printf_common
 *fill*         0x00000000080040b6        0x2 
 .text._printf_i
                0x00000000080040b8      0x24c d:/documents for work/st/stm32cubeide_1.7.0/stm32cubeide/plugins/com.st.stm32cube.ide.mcu.externaltools.gnu-tools-for-stm32.9-2020-q2-update.win32_2.0.0.202105311346/tools/bin/../lib/gcc/arm-none-eabi/9.3.1/../../../../arm-none-eabi/lib/thumb/v7-m/nofp\libc_nano.a(lib_a-nano-vfprintf_i.o)
                0x00000000080040b8                _printf_i
 .text.__retarget_lock_acquire_recursive
                0x0000000008004304        0x2 d:/documents for work/st/stm32cubeide_1.7.0/stm32cubeide/plugins/com.st.stm32cube.ide.mcu.externaltools.gnu-tools-for-stm32.9-2020-q2-update.win32_2.0.0.202105311346/tools/bin/../lib/gcc/arm-none-eabi/9.3.1/../../../../arm-none-eabi/lib/thumb/v7-m/nofp\libc_nano.a(lib_a-lock.o)
                0x0000000008004304                __retarget_lock_acquire_recursive
 .text.__retarget_lock_release_recursive
                0x0000000008004306        0x2 d:/documents for work/st/stm32cubeide_1.7.0/stm32cubeide/plugins/com.st.stm32cube.ide.mcu.externaltools.gnu-tools-for-stm32.9-2020-q2-update.win32_2.0.0.202105311346/tools/bin/../lib/gcc/arm-none-eabi/9.3.1/../../../../arm-none-eabi/lib/thumb/v7-m/nofp\libc_nano.a(lib_a-lock.o)
                0x0000000008004306                __retarget_lock_release_recursive
 .text.memchr   0x0000000008004308       0x1c d:/documents for work/st/stm32cubeide_1.7.0/stm32cubeide/plugins/com.st.stm32cube.ide.mcu.externaltools.gnu-tools-for-stm32.9-2020-q2-update.win32_2.0.0.202105311346/tools/bin/../lib/gcc/arm-none-eabi/9.3.1/../../../../arm-none-eabi/lib/thumb/v7-m/nofp\libc_nano.a(lib_a-memchr-stub.o)
                0x0000000008004308                memchr
 .text.memcpy   0x0000000008004324       0x1c d:/documents for work/st/stm32cubeide_1.7.0/stm32cubeide/plugins/com.st.stm32cube.ide.mcu.externaltools.gnu-tools-for-stm32.9-2020-q2-update.win32_2.0.0.202105311346/tools/bin/../lib/gcc/arm-none-eabi/9.3.1/../../../../arm-none-eabi/lib/thumb/v7-m/nofp\libc_nano.a(lib_a-memcpy-stub.o)
                0x0000000008004324                memcpy
 .text.memmove  0x0000000008004340       0x34 d:/documents for work/st/stm32cubeide_1.7.0/stm32cubeide/plugins/com.st.stm32cube.ide.mcu.externaltools.gnu-tools-for-stm32.9-2020-q2-update.win32_2.0.0.202105311346/tools/bin/../lib/gcc/arm-none-eabi/9.3.1/../../../../arm-none-eabi/lib/thumb/v7-m/nofp\libc_nano.a(lib_a-memmove.o)
                0x0000000008004340                memmove
 .text._realloc_r
                0x0000000008004374       0x4c d:/documents for work/st/stm32cubeide_1.7.0/stm32cubeide/plugins/com.st.stm32cube.ide.mcu.externaltools.gnu-tools-for-stm32.9-2020-q2-update.win32_2.0.0.202105311346/tools/bin/../lib/gcc/arm-none-eabi/9.3.1/../../../../arm-none-eabi/lib/thumb/v7-m/nofp\libc_nano.a(lib_a-nano-reallocr.o)
                0x0000000008004374                _realloc_r
 .text._malloc_usable_size_r
                0x00000000080043c0       0x10 d:/documents for work/st/stm32cubeide_1.7.0/stm32cubeide/plugins/com.st.stm32cube.ide.mcu.externaltools.gnu-tools-for-stm32.9-2020-q2-update.win32_2.0.0.202105311346/tools/bin/../lib/gcc/arm-none-eabi/9.3.1/../../../../arm-none-eabi/lib/thumb/v7-m/nofp\libc_nano.a(lib_a-nano-msizer.o)
                0x00000000080043c0                _malloc_usable_size_r
 *(.glue_7)
 .glue_7        0x00000000080043d0        0x0 linker stubs
 *(.glue_7t)
 .glue_7t       0x00000000080043d0        0x0 linker stubs
 *(.eh_frame)
 .eh_frame      0x00000000080043d0        0x0 d:/documents for work/st/stm32cubeide_1.7.0/stm32cubeide/plugins/com.st.stm32cube.ide.mcu.externaltools.gnu-tools-for-stm32.9-2020-q2-update.win32_2.0.0.202105311346/tools/bin/../lib/gcc/arm-none-eabi/9.3.1/thumb/v7-m/nofp/crtbegin.o
 *(.init)
 .init          0x00000000080043d0        0x4 d:/documents for work/st/stm32cubeide_1.7.0/stm32cubeide/plugins/com.st.stm32cube.ide.mcu.externaltools.gnu-tools-for-stm32.9-2020-q2-update.win32_2.0.0.202105311346/tools/bin/../lib/gcc/arm-none-eabi/9.3.1/thumb/v7-m/nofp/crti.o
                0x00000000080043d0                _init
 .init          0x00000000080043d4        0x8 d:/documents for work/st/stm32cubeide_1.7.0/stm32cubeide/plugins/com.st.stm32cube.ide.mcu.externaltools.gnu-tools-for-stm32.9-2020-q2-update.win32_2.0.0.202105311346/tools/bin/../lib/gcc/arm-none-eabi/9.3.1/thumb/v7-m/nofp/crtn.o
 *(.fini)
 .fini          0x00000000080043dc        0x4 d:/documents for work/st/stm32cubeide_1.7.0/stm32cubeide/plugins/com.st.stm32cube.ide.mcu.externaltools.gnu-tools-for-stm32.9-2020-q2-update.win32_2.0.0.202105311346/tools/bin/../lib/gcc/arm-none-eabi/9.3.1/thumb/v7-m/nofp/crti.o
                0x00000000080043dc                _fini
 .fini          0x00000000080043e0        0x8 d:/documents for work/st/stm32cubeide_1.7.0/stm32cubeide/plugins/com.st.stm32cube.ide.mcu.externaltools.gnu-tools-for-stm32.9-2020-q2-update.win32_2.0.0.202105311346/tools/bin/../lib/gcc/arm-none-eabi/9.3.1/thumb/v7-m/nofp/crtn.o
                0x00000000080043e8                . = ALIGN (0x4)
                0x00000000080043e8                _etext = .

.vfp11_veneer   0x00000000080043e8        0x0
 .vfp11_veneer  0x00000000080043e8        0x0 linker stubs

.v4_bx          0x00000000080043e8        0x0
 .v4_bx         0x00000000080043e8        0x0 linker stubs

.iplt           0x00000000080043e8        0x0
 .iplt          0x00000000080043e8        0x0 d:/documents for work/st/stm32cubeide_1.7.0/stm32cubeide/plugins/com.st.stm32cube.ide.mcu.externaltools.gnu-tools-for-stm32.9-2020-q2-update.win32_2.0.0.202105311346/tools/bin/../lib/gcc/arm-none-eabi/9.3.1/thumb/v7-m/nofp/crtbegin.o

.rodata         0x00000000080043e8       0xfc
                0x00000000080043e8                . = ALIGN (0x4)
 *(.rodata)
 .rodata        0x00000000080043e8       0x7d ./Core/Src/fsm_lcd.o
 *fill*         0x0000000008004465        0x3 
 .rodata        0x0000000008004468       0x13 ./Core/Src/fsm_manual.o
 *fill*         0x000000000800447b        0x1 
 .rodata        0x000000000800447c        0x6 ./Core/Src/i2c_lcd.o
 *(.rodata*)
 *fill*         0x0000000008004482        0x2 
 .rodata.AHBPrescTable
                0x0000000008004484       0x10 ./Core/Src/system_stm32f1xx.o
                0x0000000008004484                AHBPrescTable
 .rodata.APBPrescTable
                0x0000000008004494        0x8 ./Core/Src/system_stm32f1xx.o
                0x0000000008004494                APBPrescTable
 .rodata.aPLLMULFactorTable.6442
                0x000000000800449c       0x10 ./Drivers/STM32F1xx_HAL_Driver/Src/stm32f1xx_hal_rcc.o
 .rodata.aPredivFactorTable.6443
                0x00000000080044ac        0x2 ./Drivers/STM32F1xx_HAL_Driver/Src/stm32f1xx_hal_rcc.o
 .rodata._svfprintf_r.str1.1
                0x00000000080044ae       0x11 d:/documents for work/st/stm32cubeide_1.7.0/stm32cubeide/plugins/com.st.stm32cube.ide.mcu.externaltools.gnu-tools-for-stm32.9-2020-q2-update.win32_2.0.0.202105311346/tools/bin/../lib/gcc/arm-none-eabi/9.3.1/../../../../arm-none-eabi/lib/thumb/v7-m/nofp\libc_nano.a(lib_a-nano-svfprintf.o)
 .rodata._printf_i.str1.1
                0x00000000080044bf       0x22 d:/documents for work/st/stm32cubeide_1.7.0/stm32cubeide/plugins/com.st.stm32cube.ide.mcu.externaltools.gnu-tools-for-stm32.9-2020-q2-update.win32_2.0.0.202105311346/tools/bin/../lib/gcc/arm-none-eabi/9.3.1/../../../../arm-none-eabi/lib/thumb/v7-m/nofp\libc_nano.a(lib_a-nano-vfprintf_i.o)
                0x00000000080044e4                . = ALIGN (0x4)
 *fill*         0x00000000080044e1        0x3 

.rel.dyn        0x00000000080044e4        0x0
 .rel.iplt      0x00000000080044e4        0x0 d:/documents for work/st/stm32cubeide_1.7.0/stm32cubeide/plugins/com.st.stm32cube.ide.mcu.externaltools.gnu-tools-for-stm32.9-2020-q2-update.win32_2.0.0.202105311346/tools/bin/../lib/gcc/arm-none-eabi/9.3.1/thumb/v7-m/nofp/crtbegin.o

.ARM.extab      0x00000000080044e4        0x0
                0x00000000080044e4                . = ALIGN (0x4)
 *(.ARM.extab* .gnu.linkonce.armextab.*)
                0x00000000080044e4                . = ALIGN (0x4)

.ARM            0x00000000080044e4        0x0
                0x00000000080044e4                . = ALIGN (0x4)
                0x00000000080044e4                __exidx_start = .
 *(.ARM.exidx*)
                0x00000000080044e4                __exidx_end = .
                0x00000000080044e4                . = ALIGN (0x4)

.preinit_array  0x00000000080044e4        0x0
                0x00000000080044e4                . = ALIGN (0x4)
                0x00000000080044e4                PROVIDE (__preinit_array_start = .)
 *(.preinit_array*)
                0x00000000080044e4                PROVIDE (__preinit_array_end = .)
                0x00000000080044e4                . = ALIGN (0x4)

.init_array     0x00000000080044e4        0x4
                0x00000000080044e4                . = ALIGN (0x4)
                0x00000000080044e4                PROVIDE (__init_array_start = .)
 *(SORT_BY_NAME(.init_array.*))
 *(.init_array*)
 .init_array    0x00000000080044e4        0x4 d:/documents for work/st/stm32cubeide_1.7.0/stm32cubeide/plugins/com.st.stm32cube.ide.mcu.externaltools.gnu-tools-for-stm32.9-2020-q2-update.win32_2.0.0.202105311346/tools/bin/../lib/gcc/arm-none-eabi/9.3.1/thumb/v7-m/nofp/crtbegin.o
                0x00000000080044e8                PROVIDE (__init_array_end = .)
                0x00000000080044e8                . = ALIGN (0x4)

.fini_array     0x00000000080044e8        0x4
                0x00000000080044e8                . = ALIGN (0x4)
                [!provide]                        PROVIDE (__fini_array_start = .)
 *(SORT_BY_NAME(.fini_array.*))
 *(.fini_array*)
 .fini_array    0x00000000080044e8        0x4 d:/documents for work/st/stm32cubeide_1.7.0/stm32cubeide/plugins/com.st.stm32cube.ide.mcu.externaltools.gnu-tools-for-stm32.9-2020-q2-update.win32_2.0.0.202105311346/tools/bin/../lib/gcc/arm-none-eabi/9.3.1/thumb/v7-m/nofp/crtbegin.o
                [!provide]                        PROVIDE (__fini_array_end = .)
                0x00000000080044ec                . = ALIGN (0x4)
                0x00000000080044ec                _sidata = LOADADDR (.data)

.data           0x0000000020000000       0xc8 load address 0x00000000080044ec
                0x0000000020000000                . = ALIGN (0x4)
                0x0000000020000000                _sdata = .
 *(.data)
 *(.data*)
 .data.KeyReg0  0x0000000020000000        0xc ./Core/Src/button.o
                0x0000000020000000                KeyReg0
 .data.KeyReg1  0x000000002000000c        0xc ./Core/Src/button.o
                0x000000002000000c                KeyReg1
 .data.KeyReg2  0x0000000020000018        0xc ./Core/Src/button.o
                0x0000000020000018                KeyReg2
 .data.KeyReg3  0x0000000020000024        0xc ./Core/Src/button.o
                0x0000000020000024                KeyReg3
 .data.TimerForKeyPress
                0x0000000020000030        0xc ./Core/Src/button.o
                0x0000000020000030                TimerForKeyPress
 .data.status_RED_A
                0x000000002000003c        0x4 ./Core/Src/control_traffic.o
                0x000000002000003c                status_RED_A
 .data.status_GREEN_B
                0x0000000020000040        0x4 ./Core/Src/control_traffic.o
                0x0000000020000040                status_GREEN_B
 .data.status_A
                0x0000000020000044        0x4 ./Core/Src/fsm_automatic.o
                0x0000000020000044                status_A
 .data.status_B
                0x0000000020000048        0x4 ./Core/Src/fsm_automatic.o
                0x0000000020000048                status_B
 .data.RED_timer
                0x000000002000004c        0x4 ./Core/Src/fsm_mode.o
                0x000000002000004c                RED_timer
 .data.GREEN_timer
                0x0000000020000050        0x4 ./Core/Src/fsm_mode.o
                0x0000000020000050                GREEN_timer
 .data.YELLOW_timer
                0x0000000020000054        0x4 ./Core/Src/fsm_mode.o
                0x0000000020000054                YELLOW_timer
 .data.SystemCoreClock
                0x0000000020000058        0x4 ./Core/Src/system_stm32f1xx.o
                0x0000000020000058                SystemCoreClock
 .data.uwTickPrio
                0x000000002000005c        0x4 ./Drivers/STM32F1xx_HAL_Driver/Src/stm32f1xx_hal.o
                0x000000002000005c                uwTickPrio
 .data.uwTickFreq
                0x0000000020000060        0x1 ./Drivers/STM32F1xx_HAL_Driver/Src/stm32f1xx_hal.o
                0x0000000020000060                uwTickFreq
 *fill*         0x0000000020000061        0x3 
 .data._impure_ptr
                0x0000000020000064        0x4 d:/documents for work/st/stm32cubeide_1.7.0/stm32cubeide/plugins/com.st.stm32cube.ide.mcu.externaltools.gnu-tools-for-stm32.9-2020-q2-update.win32_2.0.0.202105311346/tools/bin/../lib/gcc/arm-none-eabi/9.3.1/../../../../arm-none-eabi/lib/thumb/v7-m/nofp\libc_nano.a(lib_a-impure.o)
                0x0000000020000064                _impure_ptr
 .data.impure_data
                0x0000000020000068       0x60 d:/documents for work/st/stm32cubeide_1.7.0/stm32cubeide/plugins/com.st.stm32cube.ide.mcu.externaltools.gnu-tools-for-stm32.9-2020-q2-update.win32_2.0.0.202105311346/tools/bin/../lib/gcc/arm-none-eabi/9.3.1/../../../../arm-none-eabi/lib/thumb/v7-m/nofp\libc_nano.a(lib_a-impure.o)
 *(.RamFunc)
 *(.RamFunc*)
                0x00000000200000c8                . = ALIGN (0x4)
                0x00000000200000c8                _edata = .

.igot.plt       0x00000000200000c8        0x0 load address 0x00000000080045b4
 .igot.plt      0x00000000200000c8        0x0 d:/documents for work/st/stm32cubeide_1.7.0/stm32cubeide/plugins/com.st.stm32cube.ide.mcu.externaltools.gnu-tools-for-stm32.9-2020-q2-update.win32_2.0.0.202105311346/tools/bin/../lib/gcc/arm-none-eabi/9.3.1/thumb/v7-m/nofp/crtbegin.o
                0x00000000200000c8                . = ALIGN (0x4)

.bss            0x00000000200000c8      0x1ac load address 0x00000000080045b4
                0x00000000200000c8                _sbss = .
                0x00000000200000c8                __bss_start__ = _sbss
 *(.bss)
 .bss           0x00000000200000c8       0x1c d:/documents for work/st/stm32cubeide_1.7.0/stm32cubeide/plugins/com.st.stm32cube.ide.mcu.externaltools.gnu-tools-for-stm32.9-2020-q2-update.win32_2.0.0.202105311346/tools/bin/../lib/gcc/arm-none-eabi/9.3.1/thumb/v7-m/nofp/crtbegin.o
 *(.bss*)
 .bss.status_GREEN_A
                0x00000000200000e4        0x4 ./Core/Src/control_traffic.o
                0x00000000200000e4                status_GREEN_A
 .bss.status_YELLOW_A
                0x00000000200000e8        0x4 ./Core/Src/control_traffic.o
                0x00000000200000e8                status_YELLOW_A
 .bss.status_RED_B
                0x00000000200000ec        0x4 ./Core/Src/control_traffic.o
                0x00000000200000ec                status_RED_B
 .bss.status_YELLOW_B
                0x00000000200000f0        0x4 ./Core/Src/control_traffic.o
                0x00000000200000f0                status_YELLOW_B
 .bss.status_manual
                0x00000000200000f4        0x4 ./Core/Src/fsm_manual.o
                0x00000000200000f4                status_manual
 .bss.temp      0x00000000200000f8        0x4 ./Core/Src/fsm_mode.o
                0x00000000200000f8                temp
 .bss.statusMode
                0x00000000200000fc        0x4 ./Core/Src/global.o
                0x00000000200000fc                statusMode
 .bss.__sbrk_heap_end
                0x0000000020000100        0x4 ./Core/Src/sysmem.o
 .bss.__malloc_free_list
                0x0000000020000104        0x4 d:/documents for work/st/stm32cubeide_1.7.0/stm32cubeide/plugins/com.st.stm32cube.ide.mcu.externaltools.gnu-tools-for-stm32.9-2020-q2-update.win32_2.0.0.202105311346/tools/bin/../lib/gcc/arm-none-eabi/9.3.1/../../../../arm-none-eabi/lib/thumb/v7-m/nofp\libc_nano.a(lib_a-nano-mallocr.o)
                0x0000000020000104                __malloc_free_list
 .bss.__malloc_sbrk_start
                0x0000000020000108        0x4 d:/documents for work/st/stm32cubeide_1.7.0/stm32cubeide/plugins/com.st.stm32cube.ide.mcu.externaltools.gnu-tools-for-stm32.9-2020-q2-update.win32_2.0.0.202105311346/tools/bin/../lib/gcc/arm-none-eabi/9.3.1/../../../../arm-none-eabi/lib/thumb/v7-m/nofp\libc_nano.a(lib_a-nano-mallocr.o)
                0x0000000020000108                __malloc_sbrk_start
 *(COMMON)
 COMMON         0x000000002000010c       0x18 ./Core/Src/button.o
                0x000000002000010c                button_flag
                0x0000000020000118                button_long_flag
 COMMON         0x0000000020000124        0x8 ./Core/Src/fsm_automatic.o
                0x0000000020000124                count_Down_A
                0x0000000020000128                count_Down_B
 COMMON         0x000000002000012c       0xe4 ./Core/Src/main.o
                0x000000002000012c                hi2c1
                0x0000000020000180                htim2
                0x00000000200001c8                huart2
 COMMON         0x0000000020000210       0x50 ./Core/Src/software_timer.o
                0x0000000020000210                timer_counter
                0x0000000020000238                timer_flag
 COMMON         0x0000000020000260        0x4 ./Drivers/STM32F1xx_HAL_Driver/Src/stm32f1xx_hal.o
                0x0000000020000260                uwTick
 COMMON         0x0000000020000264        0x4 d:/documents for work/st/stm32cubeide_1.7.0/stm32cubeide/plugins/com.st.stm32cube.ide.mcu.externaltools.gnu-tools-for-stm32.9-2020-q2-update.win32_2.0.0.202105311346/tools/bin/../lib/gcc/arm-none-eabi/9.3.1/../../../../arm-none-eabi/lib/thumb/v7-m/nofp\libc_nano.a(lib_a-reent.o)
                0x0000000020000264                errno
 COMMON         0x0000000020000268        0x9 d:/documents for work/st/stm32cubeide_1.7.0/stm32cubeide/plugins/com.st.stm32cube.ide.mcu.externaltools.gnu-tools-for-stm32.9-2020-q2-update.win32_2.0.0.202105311346/tools/bin/../lib/gcc/arm-none-eabi/9.3.1/../../../../arm-none-eabi/lib/thumb/v7-m/nofp\libc_nano.a(lib_a-lock.o)
                0x0000000020000268                __lock___atexit_recursive_mutex
                0x0000000020000269                __lock___arc4random_mutex
                0x000000002000026a                __lock___env_recursive_mutex
                0x000000002000026b                __lock___sinit_recursive_mutex
                0x000000002000026c                __lock___malloc_recursive_mutex
                0x000000002000026d                __lock___at_quick_exit_mutex
                0x000000002000026e                __lock___dd_hash_mutex
                0x000000002000026f                __lock___tz_mutex
                0x0000000020000270                __lock___sfp_recursive_mutex
                0x0000000020000274                . = ALIGN (0x4)
 *fill*         0x0000000020000271        0x3 
                0x0000000020000274                _ebss = .
                0x0000000020000274                __bss_end__ = _ebss

._user_heap_stack
                0x0000000020000274      0x604 load address 0x00000000080045b4
                0x0000000020000278                . = ALIGN (0x8)
 *fill*         0x0000000020000274        0x4 
                [!provide]                        PROVIDE (end = .)
                0x0000000020000278                PROVIDE (_end = .)
                0x0000000020000478                . = (. + _Min_Heap_Size)
 *fill*         0x0000000020000278      0x200 
                0x0000000020000878                . = (. + _Min_Stack_Size)
 *fill*         0x0000000020000478      0x400 
                0x0000000020000878                . = ALIGN (0x8)

/DISCARD/
 libc.a(*)
 libm.a(*)
 libgcc.a(*)

.ARM.attributes
                0x0000000000000000       0x29
 *(.ARM.attributes)
 .ARM.attributes
                0x0000000000000000       0x1d d:/documents for work/st/stm32cubeide_1.7.0/stm32cubeide/plugins/com.st.stm32cube.ide.mcu.externaltools.gnu-tools-for-stm32.9-2020-q2-update.win32_2.0.0.202105311346/tools/bin/../lib/gcc/arm-none-eabi/9.3.1/thumb/v7-m/nofp/crti.o
 .ARM.attributes
                0x000000000000001d       0x2d d:/documents for work/st/stm32cubeide_1.7.0/stm32cubeide/plugins/com.st.stm32cube.ide.mcu.externaltools.gnu-tools-for-stm32.9-2020-q2-update.win32_2.0.0.202105311346/tools/bin/../lib/gcc/arm-none-eabi/9.3.1/thumb/v7-m/nofp/crtbegin.o
 .ARM.attributes
                0x000000000000004a       0x2d ./Core/Src/button.o
 .ARM.attributes
                0x0000000000000077       0x2d ./Core/Src/control_traffic.o
 .ARM.attributes
                0x00000000000000a4       0x2d ./Core/Src/fsm_automatic.o
 .ARM.attributes
                0x00000000000000d1       0x2d ./Core/Src/fsm_lcd.o
 .ARM.attributes
                0x00000000000000fe       0x2d ./Core/Src/fsm_manual.o
 .ARM.attributes
                0x000000000000012b       0x2d ./Core/Src/fsm_mode.o
 .ARM.attributes
                0x0000000000000158       0x33 ./Core/Src/global.o
 .ARM.attributes
                0x000000000000018b       0x2d ./Core/Src/i2c_lcd.o
 .ARM.attributes
                0x00000000000001b8       0x2d ./Core/Src/main.o
 .ARM.attributes
                0x00000000000001e5       0x2d ./Core/Src/software_timer.o
 .ARM.attributes
                0x0000000000000212       0x2d ./Core/Src/stm32f1xx_hal_msp.o
 .ARM.attributes
                0x000000000000023f       0x2d ./Core/Src/stm32f1xx_it.o
 .ARM.attributes
                0x000000000000026c       0x2d ./Core/Src/sysmem.o
 .ARM.attributes
                0x0000000000000299       0x2d ./Core/Src/system_stm32f1xx.o
 .ARM.attributes
                0x00000000000002c6       0x21 ./Core/Startup/startup_stm32f103rbtx.o
 .ARM.attributes
                0x00000000000002e7       0x2d ./Drivers/STM32F1xx_HAL_Driver/Src/stm32f1xx_hal.o
 .ARM.attributes
                0x0000000000000314       0x2d ./Drivers/STM32F1xx_HAL_Driver/Src/stm32f1xx_hal_cortex.o
 .ARM.attributes
                0x0000000000000341       0x2d ./Drivers/STM32F1xx_HAL_Driver/Src/stm32f1xx_hal_gpio.o
 .ARM.attributes
                0x000000000000036e       0x2d ./Drivers/STM32F1xx_HAL_Driver/Src/stm32f1xx_hal_i2c.o
 .ARM.attributes
                0x000000000000039b       0x2d ./Drivers/STM32F1xx_HAL_Driver/Src/stm32f1xx_hal_rcc.o
 .ARM.attributes
                0x00000000000003c8       0x2d ./Drivers/STM32F1xx_HAL_Driver/Src/stm32f1xx_hal_tim.o
 .ARM.attributes
                0x00000000000003f5       0x2d ./Drivers/STM32F1xx_HAL_Driver/Src/stm32f1xx_hal_tim_ex.o
 .ARM.attributes
                0x0000000000000422       0x2d ./Drivers/STM32F1xx_HAL_Driver/Src/stm32f1xx_hal_uart.o
 .ARM.attributes
                0x000000000000044f       0x2d d:/documents for work/st/stm32cubeide_1.7.0/stm32cubeide/plugins/com.st.stm32cube.ide.mcu.externaltools.gnu-tools-for-stm32.9-2020-q2-update.win32_2.0.0.202105311346/tools/bin/../lib/gcc/arm-none-eabi/9.3.1/../../../../arm-none-eabi/lib/thumb/v7-m/nofp\libc_nano.a(lib_a-errno.o)
 .ARM.attributes
                0x000000000000047c       0x2d d:/documents for work/st/stm32cubeide_1.7.0/stm32cubeide/plugins/com.st.stm32cube.ide.mcu.externaltools.gnu-tools-for-stm32.9-2020-q2-update.win32_2.0.0.202105311346/tools/bin/../lib/gcc/arm-none-eabi/9.3.1/../../../../arm-none-eabi/lib/thumb/v7-m/nofp\libc_nano.a(lib_a-impure.o)
 .ARM.attributes
                0x00000000000004a9       0x2d d:/documents for work/st/stm32cubeide_1.7.0/stm32cubeide/plugins/com.st.stm32cube.ide.mcu.externaltools.gnu-tools-for-stm32.9-2020-q2-update.win32_2.0.0.202105311346/tools/bin/../lib/gcc/arm-none-eabi/9.3.1/../../../../arm-none-eabi/lib/thumb/v7-m/nofp\libc_nano.a(lib_a-init.o)
 .ARM.attributes
                0x00000000000004d6       0x2d d:/documents for work/st/stm32cubeide_1.7.0/stm32cubeide/plugins/com.st.stm32cube.ide.mcu.externaltools.gnu-tools-for-stm32.9-2020-q2-update.win32_2.0.0.202105311346/tools/bin/../lib/gcc/arm-none-eabi/9.3.1/../../../../arm-none-eabi/lib/thumb/v7-m/nofp\libc_nano.a(lib_a-malloc.o)
 .ARM.attributes
                0x0000000000000503       0x2d d:/documents for work/st/stm32cubeide_1.7.0/stm32cubeide/plugins/com.st.stm32cube.ide.mcu.externaltools.gnu-tools-for-stm32.9-2020-q2-update.win32_2.0.0.202105311346/tools/bin/../lib/gcc/arm-none-eabi/9.3.1/../../../../arm-none-eabi/lib/thumb/v7-m/nofp\libc_nano.a(lib_a-memset.o)
 .ARM.attributes
                0x0000000000000530       0x2d d:/documents for work/st/stm32cubeide_1.7.0/stm32cubeide/plugins/com.st.stm32cube.ide.mcu.externaltools.gnu-tools-for-stm32.9-2020-q2-update.win32_2.0.0.202105311346/tools/bin/../lib/gcc/arm-none-eabi/9.3.1/../../../../arm-none-eabi/lib/thumb/v7-m/nofp\libc_nano.a(lib_a-nano-freer.o)
 .ARM.attributes
                0x000000000000055d       0x2d d:/documents for work/st/stm32cubeide_1.7.0/stm32cubeide/plugins/com.st.stm32cube.ide.mcu.externaltools.gnu-tools-for-stm32.9-2020-q2-update.win32_2.0.0.202105311346/tools/bin/../lib/gcc/arm-none-eabi/9.3.1/../../../../arm-none-eabi/lib/thumb/v7-m/nofp\libc_nano.a(lib_a-nano-mallocr.o)
 .ARM.attributes
                0x000000000000058a       0x2d d:/documents for work/st/stm32cubeide_1.7.0/stm32cubeide/plugins/com.st.stm32cube.ide.mcu.externaltools.gnu-tools-for-stm32.9-2020-q2-update.win32_2.0.0.202105311346/tools/bin/../lib/gcc/arm-none-eabi/9.3.1/../../../../arm-none-eabi/lib/thumb/v7-m/nofp\libc_nano.a(lib_a-sbrkr.o)
 .ARM.attributes
                0x00000000000005b7       0x2d d:/documents for work/st/stm32cubeide_1.7.0/stm32cubeide/plugins/com.st.stm32cube.ide.mcu.externaltools.gnu-tools-for-stm32.9-2020-q2-update.win32_2.0.0.202105311346/tools/bin/../lib/gcc/arm-none-eabi/9.3.1/../../../../arm-none-eabi/lib/thumb/v7-m/nofp\libc_nano.a(lib_a-sprintf.o)
 .ARM.attributes
                0x00000000000005e4       0x2d d:/documents for work/st/stm32cubeide_1.7.0/stm32cubeide/plugins/com.st.stm32cube.ide.mcu.externaltools.gnu-tools-for-stm32.9-2020-q2-update.win32_2.0.0.202105311346/tools/bin/../lib/gcc/arm-none-eabi/9.3.1/../../../../arm-none-eabi/lib/thumb/v7-m/nofp\libc_nano.a(lib_a-mlock.o)
 .ARM.attributes
                0x0000000000000611       0x2d d:/documents for work/st/stm32cubeide_1.7.0/stm32cubeide/plugins/com.st.stm32cube.ide.mcu.externaltools.gnu-tools-for-stm32.9-2020-q2-update.win32_2.0.0.202105311346/tools/bin/../lib/gcc/arm-none-eabi/9.3.1/../../../../arm-none-eabi/lib/thumb/v7-m/nofp\libc_nano.a(lib_a-nano-svfprintf.o)
 .ARM.attributes
                0x000000000000063e       0x2d d:/documents for work/st/stm32cubeide_1.7.0/stm32cubeide/plugins/com.st.stm32cube.ide.mcu.externaltools.gnu-tools-for-stm32.9-2020-q2-update.win32_2.0.0.202105311346/tools/bin/../lib/gcc/arm-none-eabi/9.3.1/../../../../arm-none-eabi/lib/thumb/v7-m/nofp\libc_nano.a(lib_a-nano-vfprintf_i.o)
 .ARM.attributes
                0x000000000000066b       0x2d d:/documents for work/st/stm32cubeide_1.7.0/stm32cubeide/plugins/com.st.stm32cube.ide.mcu.externaltools.gnu-tools-for-stm32.9-2020-q2-update.win32_2.0.0.202105311346/tools/bin/../lib/gcc/arm-none-eabi/9.3.1/../../../../arm-none-eabi/lib/thumb/v7-m/nofp\libc_nano.a(lib_a-reent.o)
 .ARM.attributes
                0x0000000000000698       0x2d d:/documents for work/st/stm32cubeide_1.7.0/stm32cubeide/plugins/com.st.stm32cube.ide.mcu.externaltools.gnu-tools-for-stm32.9-2020-q2-update.win32_2.0.0.202105311346/tools/bin/../lib/gcc/arm-none-eabi/9.3.1/../../../../arm-none-eabi/lib/thumb/v7-m/nofp\libc_nano.a(lib_a-lock.o)
 .ARM.attributes
                0x00000000000006c5       0x2d d:/documents for work/st/stm32cubeide_1.7.0/stm32cubeide/plugins/com.st.stm32cube.ide.mcu.externaltools.gnu-tools-for-stm32.9-2020-q2-update.win32_2.0.0.202105311346/tools/bin/../lib/gcc/arm-none-eabi/9.3.1/../../../../arm-none-eabi/lib/thumb/v7-m/nofp\libc_nano.a(lib_a-memchr-stub.o)
 .ARM.attributes
                0x00000000000006f2       0x2d d:/documents for work/st/stm32cubeide_1.7.0/stm32cubeide/plugins/com.st.stm32cube.ide.mcu.externaltools.gnu-tools-for-stm32.9-2020-q2-update.win32_2.0.0.202105311346/tools/bin/../lib/gcc/arm-none-eabi/9.3.1/../../../../arm-none-eabi/lib/thumb/v7-m/nofp\libc_nano.a(lib_a-memcpy-stub.o)
 .ARM.attributes
                0x000000000000071f       0x2d d:/documents for work/st/stm32cubeide_1.7.0/stm32cubeide/plugins/com.st.stm32cube.ide.mcu.externaltools.gnu-tools-for-stm32.9-2020-q2-update.win32_2.0.0.202105311346/tools/bin/../lib/gcc/arm-none-eabi/9.3.1/../../../../arm-none-eabi/lib/thumb/v7-m/nofp\libc_nano.a(lib_a-memmove.o)
 .ARM.attributes
                0x000000000000074c       0x2d d:/documents for work/st/stm32cubeide_1.7.0/stm32cubeide/plugins/com.st.stm32cube.ide.mcu.externaltools.gnu-tools-for-stm32.9-2020-q2-update.win32_2.0.0.202105311346/tools/bin/../lib/gcc/arm-none-eabi/9.3.1/../../../../arm-none-eabi/lib/thumb/v7-m/nofp\libc_nano.a(lib_a-nano-reallocr.o)
 .ARM.attributes
                0x0000000000000779       0x2d d:/documents for work/st/stm32cubeide_1.7.0/stm32cubeide/plugins/com.st.stm32cube.ide.mcu.externaltools.gnu-tools-for-stm32.9-2020-q2-update.win32_2.0.0.202105311346/tools/bin/../lib/gcc/arm-none-eabi/9.3.1/../../../../arm-none-eabi/lib/thumb/v7-m/nofp\libc_nano.a(lib_a-nano-msizer.o)
 .ARM.attributes
                0x00000000000007a6       0x1d d:/documents for work/st/stm32cubeide_1.7.0/stm32cubeide/plugins/com.st.stm32cube.ide.mcu.externaltools.gnu-tools-for-stm32.9-2020-q2-update.win32_2.0.0.202105311346/tools/bin/../lib/gcc/arm-none-eabi/9.3.1/thumb/v7-m/nofp/crtn.o
OUTPUT(MCU_ASS_1.elf elf32-littlearm)
LOAD linker stubs
LOAD d:/documents for work/st/stm32cubeide_1.7.0/stm32cubeide/plugins/com.st.stm32cube.ide.mcu.externaltools.gnu-tools-for-stm32.9-2020-q2-update.win32_2.0.0.202105311346/tools/bin/../lib/gcc/arm-none-eabi/9.3.1/../../../../arm-none-eabi/lib/thumb/v7-m/nofp\libc.a
LOAD d:/documents for work/st/stm32cubeide_1.7.0/stm32cubeide/plugins/com.st.stm32cube.ide.mcu.externaltools.gnu-tools-for-stm32.9-2020-q2-update.win32_2.0.0.202105311346/tools/bin/../lib/gcc/arm-none-eabi/9.3.1/../../../../arm-none-eabi/lib/thumb/v7-m/nofp\libm.a
LOAD d:/documents for work/st/stm32cubeide_1.7.0/stm32cubeide/plugins/com.st.stm32cube.ide.mcu.externaltools.gnu-tools-for-stm32.9-2020-q2-update.win32_2.0.0.202105311346/tools/bin/../lib/gcc/arm-none-eabi/9.3.1/thumb/v7-m/nofp\libgcc.a

.debug_info     0x0000000000000000    0x11e8e
 .debug_info    0x0000000000000000      0x389 ./Core/Src/button.o
 .debug_info    0x0000000000000389      0x403 ./Core/Src/control_traffic.o
 .debug_info    0x000000000000078c      0x334 ./Core/Src/fsm_automatic.o
 .debug_info    0x0000000000000ac0      0x2d8 ./Core/Src/fsm_lcd.o
 .debug_info    0x0000000000000d98      0x2ea ./Core/Src/fsm_manual.o
 .debug_info    0x0000000000001082      0x310 ./Core/Src/fsm_mode.o
 .debug_info    0x0000000000001392      0x1ee ./Core/Src/global.o
 .debug_info    0x0000000000001580     0x10c9 ./Core/Src/i2c_lcd.o
 .debug_info    0x0000000000002649     0x13ad ./Core/Src/main.o
 .debug_info    0x00000000000039f6       0xdb ./Core/Src/software_timer.o
 .debug_info    0x0000000000003ad1     0x1150 ./Core/Src/stm32f1xx_hal_msp.o
 .debug_info    0x0000000000004c21      0x7e3 ./Core/Src/stm32f1xx_it.o
 .debug_info    0x0000000000005404      0xa25 ./Core/Src/sysmem.o
 .debug_info    0x0000000000005e29      0x2be ./Core/Src/system_stm32f1xx.o
 .debug_info    0x00000000000060e7       0x22 ./Core/Startup/startup_stm32f103rbtx.o
 .debug_info    0x0000000000006109      0x76a ./Drivers/STM32F1xx_HAL_Driver/Src/stm32f1xx_hal.o
 .debug_info    0x0000000000006873      0xbdc ./Drivers/STM32F1xx_HAL_Driver/Src/stm32f1xx_hal_cortex.o
 .debug_info    0x000000000000744f      0x701 ./Drivers/STM32F1xx_HAL_Driver/Src/stm32f1xx_hal_gpio.o
 .debug_info    0x0000000000007b50     0x27cb ./Drivers/STM32F1xx_HAL_Driver/Src/stm32f1xx_hal_i2c.o
 .debug_info    0x000000000000a31b      0x893 ./Drivers/STM32F1xx_HAL_Driver/Src/stm32f1xx_hal_rcc.o
 .debug_info    0x000000000000abae     0x2c32 ./Drivers/STM32F1xx_HAL_Driver/Src/stm32f1xx_hal_tim.o
 .debug_info    0x000000000000d7e0     0x157f ./Drivers/STM32F1xx_HAL_Driver/Src/stm32f1xx_hal_tim_ex.o
 .debug_info    0x000000000000ed5f     0x312f ./Drivers/STM32F1xx_HAL_Driver/Src/stm32f1xx_hal_uart.o

.debug_abbrev   0x0000000000000000     0x265c
 .debug_abbrev  0x0000000000000000      0x1aa ./Core/Src/button.o
 .debug_abbrev  0x00000000000001aa      0x12a ./Core/Src/control_traffic.o
 .debug_abbrev  0x00000000000002d4       0xd8 ./Core/Src/fsm_automatic.o
 .debug_abbrev  0x00000000000003ac       0xc9 ./Core/Src/fsm_lcd.o
 .debug_abbrev  0x0000000000000475       0xe1 ./Core/Src/fsm_manual.o
 .debug_abbrev  0x0000000000000556       0xd8 ./Core/Src/fsm_mode.o
 .debug_abbrev  0x000000000000062e       0xbc ./Core/Src/global.o
 .debug_abbrev  0x00000000000006ea      0x22f ./Core/Src/i2c_lcd.o
 .debug_abbrev  0x0000000000000919      0x294 ./Core/Src/main.o
 .debug_abbrev  0x0000000000000bad       0xc0 ./Core/Src/software_timer.o
 .debug_abbrev  0x0000000000000c6d      0x1c8 ./Core/Src/stm32f1xx_hal_msp.o
 .debug_abbrev  0x0000000000000e35      0x176 ./Core/Src/stm32f1xx_it.o
 .debug_abbrev  0x0000000000000fab      0x1bf ./Core/Src/sysmem.o
 .debug_abbrev  0x000000000000116a      0x14e ./Core/Src/system_stm32f1xx.o
 .debug_abbrev  0x00000000000012b8       0x12 ./Core/Startup/startup_stm32f103rbtx.o
 .debug_abbrev  0x00000000000012ca      0x1ed ./Drivers/STM32F1xx_HAL_Driver/Src/stm32f1xx_hal.o
 .debug_abbrev  0x00000000000014b7      0x313 ./Drivers/STM32F1xx_HAL_Driver/Src/stm32f1xx_hal_cortex.o
 .debug_abbrev  0x00000000000017ca      0x1e8 ./Drivers/STM32F1xx_HAL_Driver/Src/stm32f1xx_hal_gpio.o
 .debug_abbrev  0x00000000000019b2      0x288 ./Drivers/STM32F1xx_HAL_Driver/Src/stm32f1xx_hal_i2c.o
 .debug_abbrev  0x0000000000001c3a      0x273 ./Drivers/STM32F1xx_HAL_Driver/Src/stm32f1xx_hal_rcc.o
 .debug_abbrev  0x0000000000001ead      0x25e ./Drivers/STM32F1xx_HAL_Driver/Src/stm32f1xx_hal_tim.o
 .debug_abbrev  0x000000000000210b      0x266 ./Drivers/STM32F1xx_HAL_Driver/Src/stm32f1xx_hal_tim_ex.o
 .debug_abbrev  0x0000000000002371      0x2eb ./Drivers/STM32F1xx_HAL_Driver/Src/stm32f1xx_hal_uart.o

.debug_aranges  0x0000000000000000      0xff8
 .debug_aranges
                0x0000000000000000       0x40 ./Core/Src/button.o
 .debug_aranges
                0x0000000000000040       0x58 ./Core/Src/control_traffic.o
 .debug_aranges
                0x0000000000000098       0x30 ./Core/Src/fsm_automatic.o
 .debug_aranges
                0x00000000000000c8       0x20 ./Core/Src/fsm_lcd.o
 .debug_aranges
                0x00000000000000e8       0x28 ./Core/Src/fsm_manual.o
 .debug_aranges
                0x0000000000000110       0x20 ./Core/Src/fsm_mode.o
 .debug_aranges
                0x0000000000000130       0x18 ./Core/Src/global.o
 .debug_aranges
                0x0000000000000148       0x50 ./Core/Src/i2c_lcd.o
 .debug_aranges
                0x0000000000000198       0x58 ./Core/Src/main.o
 .debug_aranges
                0x00000000000001f0       0x28 ./Core/Src/software_timer.o
 .debug_aranges
                0x0000000000000218       0x50 ./Core/Src/stm32f1xx_hal_msp.o
 .debug_aranges
                0x0000000000000268       0x70 ./Core/Src/stm32f1xx_it.o
 .debug_aranges
                0x00000000000002d8       0x20 ./Core/Src/sysmem.o
 .debug_aranges
                0x00000000000002f8       0x28 ./Core/Src/system_stm32f1xx.o
 .debug_aranges
                0x0000000000000320       0x28 ./Core/Startup/startup_stm32f103rbtx.o
 .debug_aranges
                0x0000000000000348       0xe0 ./Drivers/STM32F1xx_HAL_Driver/Src/stm32f1xx_hal.o
 .debug_aranges
                0x0000000000000428      0x100 ./Drivers/STM32F1xx_HAL_Driver/Src/stm32f1xx_hal_cortex.o
 .debug_aranges
                0x0000000000000528       0x58 ./Drivers/STM32F1xx_HAL_Driver/Src/stm32f1xx_hal_gpio.o
 .debug_aranges
                0x0000000000000580      0x2a8 ./Drivers/STM32F1xx_HAL_Driver/Src/stm32f1xx_hal_i2c.o
 .debug_aranges
                0x0000000000000828       0x90 ./Drivers/STM32F1xx_HAL_Driver/Src/stm32f1xx_hal_rcc.o
 .debug_aranges
                0x00000000000008b8      0x3d0 ./Drivers/STM32F1xx_HAL_Driver/Src/stm32f1xx_hal_tim.o
 .debug_aranges
                0x0000000000000c88      0x168 ./Drivers/STM32F1xx_HAL_Driver/Src/stm32f1xx_hal_tim_ex.o
 .debug_aranges
                0x0000000000000df0      0x208 ./Drivers/STM32F1xx_HAL_Driver/Src/stm32f1xx_hal_uart.o

.debug_ranges   0x0000000000000000      0xed0
 .debug_ranges  0x0000000000000000       0x30 ./Core/Src/button.o
 .debug_ranges  0x0000000000000030       0x48 ./Core/Src/control_traffic.o
 .debug_ranges  0x0000000000000078       0x20 ./Core/Src/fsm_automatic.o
 .debug_ranges  0x0000000000000098       0x10 ./Core/Src/fsm_lcd.o
 .debug_ranges  0x00000000000000a8       0x18 ./Core/Src/fsm_manual.o
 .debug_ranges  0x00000000000000c0       0x10 ./Core/Src/fsm_mode.o
 .debug_ranges  0x00000000000000d0       0x40 ./Core/Src/i2c_lcd.o
 .debug_ranges  0x0000000000000110       0x48 ./Core/Src/main.o
 .debug_ranges  0x0000000000000158       0x18 ./Core/Src/software_timer.o
 .debug_ranges  0x0000000000000170       0x40 ./Core/Src/stm32f1xx_hal_msp.o
 .debug_ranges  0x00000000000001b0       0x60 ./Core/Src/stm32f1xx_it.o
 .debug_ranges  0x0000000000000210       0x10 ./Core/Src/sysmem.o
 .debug_ranges  0x0000000000000220       0x18 ./Core/Src/system_stm32f1xx.o
 .debug_ranges  0x0000000000000238       0x20 ./Core/Startup/startup_stm32f103rbtx.o
 .debug_ranges  0x0000000000000258       0xd0 ./Drivers/STM32F1xx_HAL_Driver/Src/stm32f1xx_hal.o
 .debug_ranges  0x0000000000000328       0xf0 ./Drivers/STM32F1xx_HAL_Driver/Src/stm32f1xx_hal_cortex.o
 .debug_ranges  0x0000000000000418       0x48 ./Drivers/STM32F1xx_HAL_Driver/Src/stm32f1xx_hal_gpio.o
 .debug_ranges  0x0000000000000460      0x2b0 ./Drivers/STM32F1xx_HAL_Driver/Src/stm32f1xx_hal_i2c.o
 .debug_ranges  0x0000000000000710       0x80 ./Drivers/STM32F1xx_HAL_Driver/Src/stm32f1xx_hal_rcc.o
 .debug_ranges  0x0000000000000790      0x3c0 ./Drivers/STM32F1xx_HAL_Driver/Src/stm32f1xx_hal_tim.o
 .debug_ranges  0x0000000000000b50      0x158 ./Drivers/STM32F1xx_HAL_Driver/Src/stm32f1xx_hal_tim_ex.o
 .debug_ranges  0x0000000000000ca8      0x228 ./Drivers/STM32F1xx_HAL_Driver/Src/stm32f1xx_hal_uart.o

.debug_macro    0x0000000000000000    0x19162
 .debug_macro   0x0000000000000000      0x1cb ./Core/Src/button.o
 .debug_macro   0x00000000000001cb      0xa9c ./Core/Src/button.o
 .debug_macro   0x0000000000000c67      0x221 ./Core/Src/button.o
 .debug_macro   0x0000000000000e88       0x2e ./Core/Src/button.o
 .debug_macro   0x0000000000000eb6       0x22 ./Core/Src/button.o
 .debug_macro   0x0000000000000ed8       0x22 ./Core/Src/button.o
 .debug_macro   0x0000000000000efa       0x8e ./Core/Src/button.o
 .debug_macro   0x0000000000000f88       0x51 ./Core/Src/button.o
 .debug_macro   0x0000000000000fd9      0x103 ./Core/Src/button.o
 .debug_macro   0x00000000000010dc       0x6a ./Core/Src/button.o
 .debug_macro   0x0000000000001146      0x1df ./Core/Src/button.o
 .debug_macro   0x0000000000001325       0x1c ./Core/Src/button.o
 .debug_macro   0x0000000000001341       0x22 ./Core/Src/button.o
 .debug_macro   0x0000000000001363       0xc3 ./Core/Src/button.o
 .debug_macro   0x0000000000001426      0xd23 ./Core/Src/button.o
 .debug_macro   0x0000000000002149     0xe09e ./Core/Src/button.o
 .debug_macro   0x00000000000101e7       0x6d ./Core/Src/button.o
 .debug_macro   0x0000000000010254     0x34a2 ./Core/Src/button.o
 .debug_macro   0x00000000000136f6      0x174 ./Core/Src/button.o
 .debug_macro   0x000000000001386a       0x5c ./Core/Src/button.o
 .debug_macro   0x00000000000138c6      0x5bc ./Core/Src/button.o
 .debug_macro   0x0000000000013e82      0x289 ./Core/Src/button.o
 .debug_macro   0x000000000001410b      0x1cb ./Core/Src/button.o
 .debug_macro   0x00000000000142d6      0x114 ./Core/Src/button.o
 .debug_macro   0x00000000000143ea      0x1b2 ./Core/Src/button.o
 .debug_macro   0x000000000001459c       0x27 ./Core/Src/button.o
 .debug_macro   0x00000000000145c3      0x136 ./Core/Src/button.o
 .debug_macro   0x00000000000146f9      0x1bc ./Core/Src/button.o
 .debug_macro   0x00000000000148b5       0x34 ./Core/Src/button.o
 .debug_macro   0x00000000000148e9       0x3c ./Core/Src/button.o
 .debug_macro   0x0000000000014925       0x57 ./Core/Src/button.o
 .debug_macro   0x000000000001497c       0x87 ./Core/Src/button.o
 .debug_macro   0x0000000000014a03      0x240 ./Core/Src/button.o
 .debug_macro   0x0000000000014c43      0x287 ./Core/Src/button.o
 .debug_macro   0x0000000000014eca      0x140 ./Core/Src/button.o
 .debug_macro   0x000000000001500a      0x8ed ./Core/Src/button.o
 .debug_macro   0x00000000000158f7      0x28e ./Core/Src/button.o
 .debug_macro   0x0000000000015b85       0x83 ./Core/Src/button.o
 .debug_macro   0x0000000000015c08       0xca ./Core/Src/button.o
 .debug_macro   0x0000000000015cd2       0x10 ./Core/Src/button.o
 .debug_macro   0x0000000000015ce2      0x224 ./Core/Src/control_traffic.o
 .debug_macro   0x0000000000015f06       0x5e ./Core/Src/control_traffic.o
 .debug_macro   0x0000000000015f64      0x228 ./Core/Src/fsm_automatic.o
 .debug_macro   0x000000000001618c      0x22c ./Core/Src/fsm_lcd.o
 .debug_macro   0x00000000000163b8      0x228 ./Core/Src/fsm_manual.o
 .debug_macro   0x00000000000165e0      0x228 ./Core/Src/fsm_mode.o
 .debug_macro   0x0000000000016808      0x1e4 ./Core/Src/global.o
 .debug_macro   0x00000000000169ec      0x350 ./Core/Src/i2c_lcd.o
 .debug_macro   0x0000000000016d3c       0x52 ./Core/Src/i2c_lcd.o
 .debug_macro   0x0000000000016d8e       0x18 ./Core/Src/i2c_lcd.o
 .debug_macro   0x0000000000016da6       0x3c ./Core/Src/i2c_lcd.o
 .debug_macro   0x0000000000016de2       0x34 ./Core/Src/i2c_lcd.o
 .debug_macro   0x0000000000016e16       0x16 ./Core/Src/i2c_lcd.o
 .debug_macro   0x0000000000016e2c       0x35 ./Core/Src/i2c_lcd.o
 .debug_macro   0x0000000000016e61      0x333 ./Core/Src/i2c_lcd.o
 .debug_macro   0x0000000000017194       0x10 ./Core/Src/i2c_lcd.o
 .debug_macro   0x00000000000171a4       0x16 ./Core/Src/i2c_lcd.o
 .debug_macro   0x00000000000171ba       0x43 ./Core/Src/i2c_lcd.o
 .debug_macro   0x00000000000171fd       0x34 ./Core/Src/i2c_lcd.o
 .debug_macro   0x0000000000017231       0x10 ./Core/Src/i2c_lcd.o
 .debug_macro   0x0000000000017241       0x58 ./Core/Src/i2c_lcd.o
 .debug_macro   0x0000000000017299       0x71 ./Core/Src/i2c_lcd.o
 .debug_macro   0x000000000001730a       0x1c ./Core/Src/i2c_lcd.o
 .debug_macro   0x0000000000017326      0x12a ./Core/Src/i2c_lcd.o
 .debug_macro   0x0000000000017450       0x10 ./Core/Src/i2c_lcd.o
 .debug_macro   0x0000000000017460       0x1c ./Core/Src/i2c_lcd.o
 .debug_macro   0x000000000001747c       0x52 ./Core/Src/i2c_lcd.o
 .debug_macro   0x00000000000174ce       0x22 ./Core/Src/i2c_lcd.o
 .debug_macro   0x00000000000174f0       0x10 ./Core/Src/i2c_lcd.o
 .debug_macro   0x0000000000017500       0x40 ./Core/Src/i2c_lcd.o
 .debug_macro   0x0000000000017540       0xd5 ./Core/Src/i2c_lcd.o
 .debug_macro   0x0000000000017615       0x1c ./Core/Src/i2c_lcd.o
 .debug_macro   0x0000000000017631       0x3d ./Core/Src/i2c_lcd.o
 .debug_macro   0x000000000001766e       0x16 ./Core/Src/i2c_lcd.o
 .debug_macro   0x0000000000017684      0x145 ./Core/Src/i2c_lcd.o
 .debug_macro   0x00000000000177c9       0x16 ./Core/Src/i2c_lcd.o
 .debug_macro   0x00000000000177df       0x16 ./Core/Src/i2c_lcd.o
 .debug_macro   0x00000000000177f5       0x29 ./Core/Src/i2c_lcd.o
 .debug_macro   0x000000000001781e      0x251 ./Core/Src/main.o
 .debug_macro   0x0000000000017a6f       0x10 ./Core/Src/main.o
 .debug_macro   0x0000000000017a7f       0x21 ./Core/Src/software_timer.o
 .debug_macro   0x0000000000017aa0      0x1bc ./Core/Src/stm32f1xx_hal_msp.o
 .debug_macro   0x0000000000017c5c      0x1c6 ./Core/Src/stm32f1xx_it.o
 .debug_macro   0x0000000000017e22       0xff ./Core/Src/sysmem.o
 .debug_macro   0x0000000000017f21      0x23b ./Core/Src/sysmem.o
 .debug_macro   0x000000000001815c      0x1ad ./Core/Src/system_stm32f1xx.o
 .debug_macro   0x0000000000018309      0x1d1 ./Drivers/STM32F1xx_HAL_Driver/Src/stm32f1xx_hal.o
 .debug_macro   0x00000000000184da      0x1ad ./Drivers/STM32F1xx_HAL_Driver/Src/stm32f1xx_hal_cortex.o
 .debug_macro   0x0000000000018687      0x218 ./Drivers/STM32F1xx_HAL_Driver/Src/stm32f1xx_hal_gpio.o
 .debug_macro   0x000000000001889f      0x1fb ./Drivers/STM32F1xx_HAL_Driver/Src/stm32f1xx_hal_i2c.o
 .debug_macro   0x0000000000018a9a      0x1bf ./Drivers/STM32F1xx_HAL_Driver/Src/stm32f1xx_hal_rcc.o
 .debug_macro   0x0000000000018c59      0x1ae ./Drivers/STM32F1xx_HAL_Driver/Src/stm32f1xx_hal_tim.o
 .debug_macro   0x0000000000018e07      0x1ad ./Drivers/STM32F1xx_HAL_Driver/Src/stm32f1xx_hal_tim_ex.o
 .debug_macro   0x0000000000018fb4      0x1ae ./Drivers/STM32F1xx_HAL_Driver/Src/stm32f1xx_hal_uart.o

.debug_line     0x0000000000000000    0x14cec
 .debug_line    0x0000000000000000      0x805 ./Core/Src/button.o
 .debug_line    0x0000000000000805      0x93d ./Core/Src/control_traffic.o
 .debug_line    0x0000000000001142      0x889 ./Core/Src/fsm_automatic.o
 .debug_line    0x00000000000019cb      0x832 ./Core/Src/fsm_lcd.o
 .debug_line    0x00000000000021fd      0x8c0 ./Core/Src/fsm_manual.o
 .debug_line    0x0000000000002abd      0x849 ./Core/Src/fsm_mode.o
 .debug_line    0x0000000000003306      0x717 ./Core/Src/global.o
 .debug_line    0x0000000000003a1d      0xbd0 ./Core/Src/i2c_lcd.o
 .debug_line    0x00000000000045ed      0x96b ./Core/Src/main.o
 .debug_line    0x0000000000004f58       0xb7 ./Core/Src/software_timer.o
 .debug_line    0x000000000000500f      0x7df ./Core/Src/stm32f1xx_hal_msp.o
 .debug_line    0x00000000000057ee      0x801 ./Core/Src/stm32f1xx_it.o
 .debug_line    0x0000000000005fef      0x650 ./Core/Src/sysmem.o
 .debug_line    0x000000000000663f      0x78d ./Core/Src/system_stm32f1xx.o
 .debug_line    0x0000000000006dcc       0x86 ./Core/Startup/startup_stm32f103rbtx.o
 .debug_line    0x0000000000006e52      0x9ba ./Drivers/STM32F1xx_HAL_Driver/Src/stm32f1xx_hal.o
 .debug_line    0x000000000000780c      0xba2 ./Drivers/STM32F1xx_HAL_Driver/Src/stm32f1xx_hal_cortex.o
 .debug_line    0x00000000000083ae      0xa53 ./Drivers/STM32F1xx_HAL_Driver/Src/stm32f1xx_hal_gpio.o
 .debug_line    0x0000000000008e01     0x3b50 ./Drivers/STM32F1xx_HAL_Driver/Src/stm32f1xx_hal_i2c.o
 .debug_line    0x000000000000c951      0xdc6 ./Drivers/STM32F1xx_HAL_Driver/Src/stm32f1xx_hal_rcc.o
 .debug_line    0x000000000000d717     0x3454 ./Drivers/STM32F1xx_HAL_Driver/Src/stm32f1xx_hal_tim.o
 .debug_line    0x0000000000010b6b     0x1900 ./Drivers/STM32F1xx_HAL_Driver/Src/stm32f1xx_hal_tim_ex.o
 .debug_line    0x000000000001246b     0x2881 ./Drivers/STM32F1xx_HAL_Driver/Src/stm32f1xx_hal_uart.o

.debug_str      0x0000000000000000    0x8da2e
 .debug_str     0x0000000000000000    0x85004 ./Core/Src/button.o
                                      0x85368 (size before relaxing)
 .debug_str     0x0000000000085004      0x2ab ./Core/Src/control_traffic.o
                                      0x8556e (size before relaxing)
 .debug_str     0x00000000000852af       0x56 ./Core/Src/fsm_automatic.o
                                      0x854fb (size before relaxing)
 .debug_str     0x0000000000085305       0x22 ./Core/Src/fsm_lcd.o
                                      0x854c7 (size before relaxing)
 .debug_str     0x0000000000085327       0x3b ./Core/Src/fsm_manual.o
                                      0x854e0 (size before relaxing)
 .debug_str     0x0000000000085362       0x20 ./Core/Src/fsm_mode.o
                                      0x854c5 (size before relaxing)
 .debug_str     0x0000000000085382       0x15 ./Core/Src/global.o
                                      0x8538e (size before relaxing)
 .debug_str     0x0000000000085397     0x45b6 ./Core/Src/i2c_lcd.o
                                      0x8968e (size before relaxing)
 .debug_str     0x000000000008994d      0x9a1 ./Core/Src/main.o
                                      0x8640e (size before relaxing)
 .debug_str     0x000000000008a2ee       0x36 ./Core/Src/software_timer.o
                                       0x2dd2 (size before relaxing)
 .debug_str     0x000000000008a324       0xe1 ./Core/Src/stm32f1xx_hal_msp.o
                                      0x85fa6 (size before relaxing)
 .debug_str     0x000000000008a405       0xe2 ./Core/Src/stm32f1xx_it.o
                                      0x857e1 (size before relaxing)
 .debug_str     0x000000000008a4e7      0x4e9 ./Core/Src/sysmem.o
                                       0x6250 (size before relaxing)
 .debug_str     0x000000000008a9d0       0x52 ./Core/Src/system_stm32f1xx.o
                                      0x8502e (size before relaxing)
 .debug_str     0x000000000008aa22       0x36 ./Core/Startup/startup_stm32f103rbtx.o
                                         0x64 (size before relaxing)
 .debug_str     0x000000000008aa58      0x304 ./Drivers/STM32F1xx_HAL_Driver/Src/stm32f1xx_hal.o
                                      0x856bf (size before relaxing)
 .debug_str     0x000000000008ad5c      0x300 ./Drivers/STM32F1xx_HAL_Driver/Src/stm32f1xx_hal_cortex.o
                                      0x856c7 (size before relaxing)
 .debug_str     0x000000000008b05c      0x31f ./Drivers/STM32F1xx_HAL_Driver/Src/stm32f1xx_hal_gpio.o
                                      0x853f2 (size before relaxing)
 .debug_str     0x000000000008b37b      0xb9a ./Drivers/STM32F1xx_HAL_Driver/Src/stm32f1xx_hal_i2c.o
                                      0x860bd (size before relaxing)
 .debug_str     0x000000000008bf15      0x244 ./Drivers/STM32F1xx_HAL_Driver/Src/stm32f1xx_hal_rcc.o
                                      0x8542b (size before relaxing)
 .debug_str     0x000000000008c159      0xdd8 ./Drivers/STM32F1xx_HAL_Driver/Src/stm32f1xx_hal_tim.o
                                      0x86414 (size before relaxing)
 .debug_str     0x000000000008cf31      0x4ee ./Drivers/STM32F1xx_HAL_Driver/Src/stm32f1xx_hal_tim_ex.o
                                      0x85bb5 (size before relaxing)
 .debug_str     0x000000000008d41f      0x60f ./Drivers/STM32F1xx_HAL_Driver/Src/stm32f1xx_hal_uart.o
                                      0x85a83 (size before relaxing)

.comment        0x0000000000000000       0x53
 .comment       0x0000000000000000       0x53 ./Core/Src/button.o
                                         0x54 (size before relaxing)
 .comment       0x0000000000000053       0x54 ./Core/Src/control_traffic.o
 .comment       0x0000000000000053       0x54 ./Core/Src/fsm_automatic.o
 .comment       0x0000000000000053       0x54 ./Core/Src/fsm_lcd.o
 .comment       0x0000000000000053       0x54 ./Core/Src/fsm_manual.o
 .comment       0x0000000000000053       0x54 ./Core/Src/fsm_mode.o
 .comment       0x0000000000000053       0x54 ./Core/Src/global.o
 .comment       0x0000000000000053       0x54 ./Core/Src/i2c_lcd.o
 .comment       0x0000000000000053       0x54 ./Core/Src/main.o
 .comment       0x0000000000000053       0x54 ./Core/Src/software_timer.o
 .comment       0x0000000000000053       0x54 ./Core/Src/stm32f1xx_hal_msp.o
 .comment       0x0000000000000053       0x54 ./Core/Src/stm32f1xx_it.o
 .comment       0x0000000000000053       0x54 ./Core/Src/sysmem.o
 .comment       0x0000000000000053       0x54 ./Core/Src/system_stm32f1xx.o
 .comment       0x0000000000000053       0x54 ./Drivers/STM32F1xx_HAL_Driver/Src/stm32f1xx_hal.o
 .comment       0x0000000000000053       0x54 ./Drivers/STM32F1xx_HAL_Driver/Src/stm32f1xx_hal_cortex.o
 .comment       0x0000000000000053       0x54 ./Drivers/STM32F1xx_HAL_Driver/Src/stm32f1xx_hal_gpio.o
 .comment       0x0000000000000053       0x54 ./Drivers/STM32F1xx_HAL_Driver/Src/stm32f1xx_hal_i2c.o
 .comment       0x0000000000000053       0x54 ./Drivers/STM32F1xx_HAL_Driver/Src/stm32f1xx_hal_rcc.o
 .comment       0x0000000000000053       0x54 ./Drivers/STM32F1xx_HAL_Driver/Src/stm32f1xx_hal_tim.o
 .comment       0x0000000000000053       0x54 ./Drivers/STM32F1xx_HAL_Driver/Src/stm32f1xx_hal_tim_ex.o
 .comment       0x0000000000000053       0x54 ./Drivers/STM32F1xx_HAL_Driver/Src/stm32f1xx_hal_uart.o

.debug_frame    0x0000000000000000     0x452c
 .debug_frame   0x0000000000000000       0xd0 ./Core/Src/button.o
 .debug_frame   0x00000000000000d0      0x100 ./Core/Src/control_traffic.o
 .debug_frame   0x00000000000001d0       0x64 ./Core/Src/fsm_automatic.o
 .debug_frame   0x0000000000000234       0x2c ./Core/Src/fsm_lcd.o
 .debug_frame   0x0000000000000260       0x4c ./Core/Src/fsm_manual.o
 .debug_frame   0x00000000000002ac       0x2c ./Core/Src/fsm_mode.o
 .debug_frame   0x00000000000002d8       0xfc ./Core/Src/i2c_lcd.o
 .debug_frame   0x00000000000003d4      0x10c ./Core/Src/main.o
 .debug_frame   0x00000000000004e0       0x60 ./Core/Src/software_timer.o
 .debug_frame   0x0000000000000540      0x110 ./Core/Src/stm32f1xx_hal_msp.o
 .debug_frame   0x0000000000000650      0x13c ./Core/Src/stm32f1xx_it.o
 .debug_frame   0x000000000000078c       0x34 ./Core/Src/sysmem.o
 .debug_frame   0x00000000000007c0       0x58 ./Core/Src/system_stm32f1xx.o
 .debug_frame   0x0000000000000818      0x334 ./Drivers/STM32F1xx_HAL_Driver/Src/stm32f1xx_hal.o
 .debug_frame   0x0000000000000b4c      0x428 ./Drivers/STM32F1xx_HAL_Driver/Src/stm32f1xx_hal_cortex.o
 .debug_frame   0x0000000000000f74      0x14c ./Drivers/STM32F1xx_HAL_Driver/Src/stm32f1xx_hal_gpio.o
 .debug_frame   0x00000000000010c0      0xc84 ./Drivers/STM32F1xx_HAL_Driver/Src/stm32f1xx_hal_i2c.o
 .debug_frame   0x0000000000001d44      0x218 ./Drivers/STM32F1xx_HAL_Driver/Src/stm32f1xx_hal_rcc.o
 .debug_frame   0x0000000000001f5c     0x11b8 ./Drivers/STM32F1xx_HAL_Driver/Src/stm32f1xx_hal_tim.o
 .debug_frame   0x0000000000003114      0x638 ./Drivers/STM32F1xx_HAL_Driver/Src/stm32f1xx_hal_tim_ex.o
 .debug_frame   0x000000000000374c      0x944 ./Drivers/STM32F1xx_HAL_Driver/Src/stm32f1xx_hal_uart.o
 .debug_frame   0x0000000000004090       0x20 d:/documents for work/st/stm32cubeide_1.7.0/stm32cubeide/plugins/com.st.stm32cube.ide.mcu.externaltools.gnu-tools-for-stm32.9-2020-q2-update.win32_2.0.0.202105311346/tools/bin/../lib/gcc/arm-none-eabi/9.3.1/../../../../arm-none-eabi/lib/thumb/v7-m/nofp\libc_nano.a(lib_a-errno.o)
 .debug_frame   0x00000000000040b0       0x2c d:/documents for work/st/stm32cubeide_1.7.0/stm32cubeide/plugins/com.st.stm32cube.ide.mcu.externaltools.gnu-tools-for-stm32.9-2020-q2-update.win32_2.0.0.202105311346/tools/bin/../lib/gcc/arm-none-eabi/9.3.1/../../../../arm-none-eabi/lib/thumb/v7-m/nofp\libc_nano.a(lib_a-init.o)
 .debug_frame   0x00000000000040dc       0x30 d:/documents for work/st/stm32cubeide_1.7.0/stm32cubeide/plugins/com.st.stm32cube.ide.mcu.externaltools.gnu-tools-for-stm32.9-2020-q2-update.win32_2.0.0.202105311346/tools/bin/../lib/gcc/arm-none-eabi/9.3.1/../../../../arm-none-eabi/lib/thumb/v7-m/nofp\libc_nano.a(lib_a-malloc.o)
 .debug_frame   0x000000000000410c       0x20 d:/documents for work/st/stm32cubeide_1.7.0/stm32cubeide/plugins/com.st.stm32cube.ide.mcu.externaltools.gnu-tools-for-stm32.9-2020-q2-update.win32_2.0.0.202105311346/tools/bin/../lib/gcc/arm-none-eabi/9.3.1/../../../../arm-none-eabi/lib/thumb/v7-m/nofp\libc_nano.a(lib_a-memset.o)
 .debug_frame   0x000000000000412c       0x38 d:/documents for work/st/stm32cubeide_1.7.0/stm32cubeide/plugins/com.st.stm32cube.ide.mcu.externaltools.gnu-tools-for-stm32.9-2020-q2-update.win32_2.0.0.202105311346/tools/bin/../lib/gcc/arm-none-eabi/9.3.1/../../../../arm-none-eabi/lib/thumb/v7-m/nofp\libc_nano.a(lib_a-nano-freer.o)
 .debug_frame   0x0000000000004164       0x30 d:/documents for work/st/stm32cubeide_1.7.0/stm32cubeide/plugins/com.st.stm32cube.ide.mcu.externaltools.gnu-tools-for-stm32.9-2020-q2-update.win32_2.0.0.202105311346/tools/bin/../lib/gcc/arm-none-eabi/9.3.1/../../../../arm-none-eabi/lib/thumb/v7-m/nofp\libc_nano.a(lib_a-nano-mallocr.o)
 .debug_frame   0x0000000000004194       0x2c d:/documents for work/st/stm32cubeide_1.7.0/stm32cubeide/plugins/com.st.stm32cube.ide.mcu.externaltools.gnu-tools-for-stm32.9-2020-q2-update.win32_2.0.0.202105311346/tools/bin/../lib/gcc/arm-none-eabi/9.3.1/../../../../arm-none-eabi/lib/thumb/v7-m/nofp\libc_nano.a(lib_a-sbrkr.o)
 .debug_frame   0x00000000000041c0       0x6c d:/documents for work/st/stm32cubeide_1.7.0/stm32cubeide/plugins/com.st.stm32cube.ide.mcu.externaltools.gnu-tools-for-stm32.9-2020-q2-update.win32_2.0.0.202105311346/tools/bin/../lib/gcc/arm-none-eabi/9.3.1/../../../../arm-none-eabi/lib/thumb/v7-m/nofp\libc_nano.a(lib_a-sprintf.o)
 .debug_frame   0x000000000000422c       0x30 d:/documents for work/st/stm32cubeide_1.7.0/stm32cubeide/plugins/com.st.stm32cube.ide.mcu.externaltools.gnu-tools-for-stm32.9-2020-q2-update.win32_2.0.0.202105311346/tools/bin/../lib/gcc/arm-none-eabi/9.3.1/../../../../arm-none-eabi/lib/thumb/v7-m/nofp\libc_nano.a(lib_a-mlock.o)
 .debug_frame   0x000000000000425c       0x90 d:/documents for work/st/stm32cubeide_1.7.0/stm32cubeide/plugins/com.st.stm32cube.ide.mcu.externaltools.gnu-tools-for-stm32.9-2020-q2-update.win32_2.0.0.202105311346/tools/bin/../lib/gcc/arm-none-eabi/9.3.1/../../../../arm-none-eabi/lib/thumb/v7-m/nofp\libc_nano.a(lib_a-nano-svfprintf.o)
 .debug_frame   0x00000000000042ec       0x60 d:/documents for work/st/stm32cubeide_1.7.0/stm32cubeide/plugins/com.st.stm32cube.ide.mcu.externaltools.gnu-tools-for-stm32.9-2020-q2-update.win32_2.0.0.202105311346/tools/bin/../lib/gcc/arm-none-eabi/9.3.1/../../../../arm-none-eabi/lib/thumb/v7-m/nofp\libc_nano.a(lib_a-nano-vfprintf_i.o)
 .debug_frame   0x000000000000434c       0x5c d:/documents for work/st/stm32cubeide_1.7.0/stm32cubeide/plugins/com.st.stm32cube.ide.mcu.externaltools.gnu-tools-for-stm32.9-2020-q2-update.win32_2.0.0.202105311346/tools/bin/../lib/gcc/arm-none-eabi/9.3.1/../../../../arm-none-eabi/lib/thumb/v7-m/nofp\libc_nano.a(lib_a-reent.o)
 .debug_frame   0x00000000000043a8       0xb0 d:/documents for work/st/stm32cubeide_1.7.0/stm32cubeide/plugins/com.st.stm32cube.ide.mcu.externaltools.gnu-tools-for-stm32.9-2020-q2-update.win32_2.0.0.202105311346/tools/bin/../lib/gcc/arm-none-eabi/9.3.1/../../../../arm-none-eabi/lib/thumb/v7-m/nofp\libc_nano.a(lib_a-lock.o)
 .debug_frame   0x0000000000004458       0x28 d:/documents for work/st/stm32cubeide_1.7.0/stm32cubeide/plugins/com.st.stm32cube.ide.mcu.externaltools.gnu-tools-for-stm32.9-2020-q2-update.win32_2.0.0.202105311346/tools/bin/../lib/gcc/arm-none-eabi/9.3.1/../../../../arm-none-eabi/lib/thumb/v7-m/nofp\libc_nano.a(lib_a-memchr-stub.o)
 .debug_frame   0x0000000000004480       0x28 d:/documents for work/st/stm32cubeide_1.7.0/stm32cubeide/plugins/com.st.stm32cube.ide.mcu.externaltools.gnu-tools-for-stm32.9-2020-q2-update.win32_2.0.0.202105311346/tools/bin/../lib/gcc/arm-none-eabi/9.3.1/../../../../arm-none-eabi/lib/thumb/v7-m/nofp\libc_nano.a(lib_a-memcpy-stub.o)
 .debug_frame   0x00000000000044a8       0x28 d:/documents for work/st/stm32cubeide_1.7.0/stm32cubeide/plugins/com.st.stm32cube.ide.mcu.externaltools.gnu-tools-for-stm32.9-2020-q2-update.win32_2.0.0.202105311346/tools/bin/../lib/gcc/arm-none-eabi/9.3.1/../../../../arm-none-eabi/lib/thumb/v7-m/nofp\libc_nano.a(lib_a-memmove.o)
 .debug_frame   0x00000000000044d0       0x3c d:/documents for work/st/stm32cubeide_1.7.0/stm32cubeide/plugins/com.st.stm32cube.ide.mcu.externaltools.gnu-tools-for-stm32.9-2020-q2-update.win32_2.0.0.202105311346/tools/bin/../lib/gcc/arm-none-eabi/9.3.1/../../../../arm-none-eabi/lib/thumb/v7-m/nofp\libc_nano.a(lib_a-nano-reallocr.o)
 .debug_frame   0x000000000000450c       0x20 d:/documents for work/st/stm32cubeide_1.7.0/stm32cubeide/plugins/com.st.stm32cube.ide.mcu.externaltools.gnu-tools-for-stm32.9-2020-q2-update.win32_2.0.0.202105311346/tools/bin/../lib/gcc/arm-none-eabi/9.3.1/../../../../arm-none-eabi/lib/thumb/v7-m/nofp\libc_nano.a(lib_a-nano-msizer.o)